Archive member included to satisfy reference by file (symbol)

C:\Users\student\Downloads\e08_15_05\Lib_CMSISv1p30_LPC17xx\Debug\libCMSISv1p30_LPC17xx.a(system_LPC17xx.o)
                              ./src/main.o (SystemCoreClock)
C:\Users\student\Downloads\e08_15_05\Lib_EaBaseBoard\Debug\libLib_EaBaseBoard.a(light.o)
                              ./src/main.o (light_init)
C:\Users\student\Downloads\e08_15_05\Lib_EaBaseBoard\Debug\libLib_EaBaseBoard.a(oled.o)
                              ./src/main.o (oled_init)
C:\Users\student\Downloads\e08_15_05\Lib_EaBaseBoard\Debug\libLib_EaBaseBoard.a(temp.o)
                              ./src/main.o (temp_init)
C:\Users\student\Downloads\e08_15_05\Lib_EaBaseBoard\Debug\libLib_EaBaseBoard.a(font5x7.o)
                              C:\Users\student\Downloads\e08_15_05\Lib_EaBaseBoard\Debug\libLib_EaBaseBoard.a(oled.o) (font5x7)
C:\Users\student\Downloads\e08_15_05\Lib_MCU\Debug\libLib_MCU.a(lpc17xx_adc.o)
                              ./src/main.o (ADC_Init)
C:\Users\student\Downloads\e08_15_05\Lib_MCU\Debug\libLib_MCU.a(lpc17xx_clkpwr.o)
                              C:\Users\student\Downloads\e08_15_05\Lib_MCU\Debug\libLib_MCU.a(lpc17xx_adc.o) (CLKPWR_GetPCLK)
C:\Users\student\Downloads\e08_15_05\Lib_MCU\Debug\libLib_MCU.a(lpc17xx_gpio.o)
                              ./src/main.o (GPIO_SetDir)
C:\Users\student\Downloads\e08_15_05\Lib_MCU\Debug\libLib_MCU.a(lpc17xx_i2c.o)
                              ./src/main.o (I2C_Init)
C:\Users\student\Downloads\e08_15_05\Lib_MCU\Debug\libLib_MCU.a(lpc17xx_pinsel.o)
                              ./src/main.o (PINSEL_ConfigPin)
C:\Users\student\Downloads\e08_15_05\Lib_MCU\Debug\libLib_MCU.a(lpc17xx_ssp.o)
                              ./src/main.o (SSP_Init)
C:\Users\student\Downloads\e08_15_05\Lib_MCU\Debug\libLib_MCU.a(lpc17xx_timer.o)
                              ./src/main.o (Timer0_Wait)
c:/nxp/mcuxpressoide_11.9.1_2170/ide/plugins/com.nxp.mcuxpresso.tools.win32_11.9.1.202402080819/tools/bin/../lib/gcc/arm-none-eabi/12.3.1/thumb/v7-m/nofp\libgcc.a(_aeabi_uldivmod.o)
                              C:\Users\student\Downloads\e08_15_05\Lib_CMSISv1p30_LPC17xx\Debug\libCMSISv1p30_LPC17xx.a(system_LPC17xx.o) (__aeabi_uldivmod)
c:/nxp/mcuxpressoide_11.9.1_2170/ide/plugins/com.nxp.mcuxpresso.tools.win32_11.9.1.202402080819/tools/bin/../lib/gcc/arm-none-eabi/12.3.1/thumb/v7-m/nofp\libgcc.a(_udivmoddi4.o)
                              c:/nxp/mcuxpressoide_11.9.1_2170/ide/plugins/com.nxp.mcuxpresso.tools.win32_11.9.1.202402080819/tools/bin/../lib/gcc/arm-none-eabi/12.3.1/thumb/v7-m/nofp\libgcc.a(_aeabi_uldivmod.o) (__udivmoddi4)
c:/nxp/mcuxpressoide_11.9.1_2170/ide/plugins/com.nxp.mcuxpresso.tools.win32_11.9.1.202402080819/tools/bin/../lib/gcc/arm-none-eabi/12.3.1/thumb/v7-m/nofp\libgcc.a(_dvmd_tls.o)
                              c:/nxp/mcuxpressoide_11.9.1_2170/ide/plugins/com.nxp.mcuxpresso.tools.win32_11.9.1.202402080819/tools/bin/../lib/gcc/arm-none-eabi/12.3.1/thumb/v7-m/nofp\libgcc.a(_aeabi_uldivmod.o) (__aeabi_ldiv0)
c:/nxp/mcuxpressoide_11.9.1_2170/ide/plugins/com.nxp.mcuxpresso.tools.win32_11.9.1.202402080819/tools/bin/../lib/gcc/arm-none-eabi/12.3.1/thumb/v7-m/nofp\libc.a(libc_a-sprintf.o)
                              ./src/main.o (sprintf)
c:/nxp/mcuxpressoide_11.9.1_2170/ide/plugins/com.nxp.mcuxpresso.tools.win32_11.9.1.202402080819/tools/bin/../lib/gcc/arm-none-eabi/12.3.1/thumb/v7-m/nofp\libc.a(libc_a-memset.o)
                              C:\Users\student\Downloads\e08_15_05\Lib_EaBaseBoard\Debug\libLib_EaBaseBoard.a(oled.o) (memset)
c:/nxp/mcuxpressoide_11.9.1_2170/ide/plugins/com.nxp.mcuxpresso.tools.win32_11.9.1.202402080819/tools/bin/../lib/gcc/arm-none-eabi/12.3.1/thumb/v7-m/nofp\libc.a(libc_a-impure.o)
                              c:/nxp/mcuxpressoide_11.9.1_2170/ide/plugins/com.nxp.mcuxpresso.tools.win32_11.9.1.202402080819/tools/bin/../lib/gcc/arm-none-eabi/12.3.1/thumb/v7-m/nofp\libc.a(libc_a-sprintf.o) (_impure_ptr)
c:/nxp/mcuxpressoide_11.9.1_2170/ide/plugins/com.nxp.mcuxpresso.tools.win32_11.9.1.202402080819/tools/bin/../lib/gcc/arm-none-eabi/12.3.1/thumb/v7-m/nofp\libc.a(libc_a-svfprintf.o)
                              c:/nxp/mcuxpressoide_11.9.1_2170/ide/plugins/com.nxp.mcuxpresso.tools.win32_11.9.1.202402080819/tools/bin/../lib/gcc/arm-none-eabi/12.3.1/thumb/v7-m/nofp\libc.a(libc_a-sprintf.o) (_svfprintf_r)
c:/nxp/mcuxpressoide_11.9.1_2170/ide/plugins/com.nxp.mcuxpresso.tools.win32_11.9.1.202402080819/tools/bin/../lib/gcc/arm-none-eabi/12.3.1/thumb/v7-m/nofp\libc.a(libc_a-findfp.o)
                              c:/nxp/mcuxpressoide_11.9.1_2170/ide/plugins/com.nxp.mcuxpresso.tools.win32_11.9.1.202402080819/tools/bin/../lib/gcc/arm-none-eabi/12.3.1/thumb/v7-m/nofp\libc.a(libc_a-impure.o) (__sf)
c:/nxp/mcuxpressoide_11.9.1_2170/ide/plugins/com.nxp.mcuxpresso.tools.win32_11.9.1.202402080819/tools/bin/../lib/gcc/arm-none-eabi/12.3.1/thumb/v7-m/nofp\libc.a(libc_a-fwalk.o)
[...]
Memory Configuration

Name             Origin             Length             Attributes
MFlash512        0x00000000         0x00080000         xr
RamLoc32         0x10000000         0x00008000         xrw
RamAHB32         0x2007c000         0x00008000         xrw
*default*        0x00000000         0xffffffff

Linker script and memory map

LOAD ./src/cr_startup_lpc17.o
LOAD ./src/main.o
LOAD ./src/pwm.o
LOAD ./src/song.o
LOAD C:\Users\student\Downloads\e08_15_05\Lib_CMSISv1p30_LPC17xx\Debug\libCMSISv1p30_LPC17xx.a
LOAD C:\Users\student\Downloads\e08_15_05\Lib_EaBaseBoard\Debug\libLib_EaBaseBoard.a
LOAD C:\Users\student\Downloads\e08_15_05\Lib_MCU\Debug\libLib_MCU.a
START GROUP
LOAD c:/nxp/mcuxpressoide_11.9.1_2170/ide/plugins/com.nxp.mcuxpresso.tools.win32_11.9.1.202402080819/tools/bin/../lib/gcc/arm-none-eabi/12.3.1/thumb/v7-m/nofp\libgcc.a
LOAD c:/nxp/mcuxpressoide_11.9.1_2170/ide/plugins/com.nxp.mcuxpresso.tools.win32_11.9.1.202402080819/tools/bin/../lib/gcc/arm-none-eabi/12.3.1/thumb/v7-m/nofp\libc.a
LOAD c:/nxp/mcuxpressoide_11.9.1_2170/ide/plugins/com.nxp.mcuxpresso.tools.win32_11.9.1.202402080819/tools/bin/../lib/gcc/arm-none-eabi/12.3.1/thumb/v7-m/nofp\libm.a
LOAD c:/nxp/mcuxpressoide_11.9.1_2170/ide/plugins/com.nxp.mcuxpresso.tools.win32_11.9.1.202402080819/tools/bin/../lib/gcc/arm-none-eabi/12.3.1/../../../../arm-none-eabi/lib/thumb/v7-m/nofp\libcr_newlib_semihost.a
END GROUP
                0x00000000                        __base_MFlash512 = 0x0
                0x00000000                        __base_Flash = 0x0
                0x00080000                        __top_MFlash512 = 0x80000
                0x00080000                        __top_Flash = 0x80000
                0x10000000                        __base_RamLoc32 = 0x10000000
                0x10000000                        __base_RAM = 0x10000000
                0x10008000                        __top_RamLoc32 = 0x10008000
                0x10008000                        __top_RAM = 0x10008000
                0x2007c000                        __base_RamAHB32 = 0x2007c000
                0x2007c000                        __base_RAM2 = 0x2007c000
                0x20084000                        __top_RamAHB32 = 0x20084000
                0x20084000                        __top_RAM2 = 0x20084000

.text           0x00000000     0xaac8
 FILL mask 0xff
                0x00000000                        __vectors_start__ = ABSOLUTE (.)
 *(.isr_vector)
 .isr_vector    0x00000000       0xcc ./src/cr_startup_lpc17.o
                0x00000000                g_pfnVectors
                0x000000cc                        . = ALIGN (0x4)
                0x000000cc                        __section_table_start = .
                0x000000cc                        __data_section_table = .
                0x000000cc        0x4 LONG 0xaad0 LOADADDR (.data)
                0x000000d0        0x4 LONG 0x10000000 ADDR (.data)
                0x000000d4        0x4 LONG 0x700 SIZEOF (.data)
                0x000000d8        0x4 LONG 0xaad0 LOADADDR (.data_RAM2)
                0x000000dc        0x4 LONG 0x2007c000 ADDR (.data_RAM2)
                0x000000e0        0x4 LONG 0x0 SIZEOF (.data_RAM2)
                0x000000e4                        __data_section_table_end = .
                0x000000e4                        __bss_section_table = .
                0x000000e4        0x4 LONG 0x10000700 ADDR (.bss)
                0x000000e8        0x4 LONG 0x500 SIZEOF (.bss)
                0x000000ec        0x4 LONG 0x2007c000 ADDR (.bss_RAM2)
                0x000000f0        0x4 LONG 0x0 SIZEOF (.bss_RAM2)
                0x000000f4                        __bss_section_table_end = .
                0x000000f4                        __section_table_end = .
 *(.after_vectors*)
 *(.text*)
 .text.ResetISR
                0x000000f4       0x5c ./src/cr_startup_lpc17.o
                0x000000f4                ResetISR
 .text.NMI_Handler
                0x00000150        0x8 ./src/cr_startup_lpc17.o
                0x00000150                NMI_Handler
 .text.HardFault_Handler
                0x00000158        0x8 ./src/cr_startup_lpc17.o
                0x00000158                HardFault_Handler
 .text.MemManage_Handler
                0x00000160        0x8 ./src/cr_startup_lpc17.o
                0x00000160                MemManage_Handler
 .text.BusFault_Handler
                0x00000168        0x8 ./src/cr_startup_lpc17.o
                0x00000168                BusFault_Handler
 .text.UsageFault_Handler
                0x00000170        0x8 ./src/cr_startup_lpc17.o
                0x00000170                UsageFault_Handler
 .text.SVCall_Handler
                0x00000178        0x8 ./src/cr_startup_lpc17.o
                0x00000178                SVCall_Handler
 .text.DebugMon_Handler
                0x00000180        0x8 ./src/cr_startup_lpc17.o
                0x00000180                DebugMon_Handler
 .text.PendSV_Handler
                0x00000188        0x8 ./src/cr_startup_lpc17.o
                0x00000188                PendSV_Handler
 .text.IntDefaultHandler
                0x00000190        0x8 ./src/cr_startup_lpc17.o
                0x00000190                TIMER2_IRQHandler
                0x00000190                RIT_IRQHandler
                0x00000190                I2C0_IRQHandler
                0x00000190                USBActivity_IRQHandler
                0x00000190                PWM1_IRQHandler
                0x00000190                I2C1_IRQHandler
                0x00000190                EINT2_IRQHandler
                0x00000190                UART1_IRQHandler
                0x00000190                EINT3_IRQHandler
                0x00000190                CANActivity_IRQHandler
                0x00000190                TIMER3_IRQHandler
                0x00000190                UART0_IRQHandler
                0x00000190                IntDefaultHandler
                0x00000190                PLL0_IRQHandler
                0x00000190                CAN_IRQHandler
                0x00000190                PLL1_IRQHandler
                0x00000190                SSP0_IRQHandler
                0x00000190                I2S_IRQHandler
                0x00000190                I2C2_IRQHandler
                0x00000190                RTC_IRQHandler
                0x00000190                TIMER0_IRQHandler
                0x00000190                SPI_IRQHandler
                0x00000190                EINT1_IRQHandler
                0x00000190                TIMER1_IRQHandler
                0x00000190                UART2_IRQHandler
                0x00000190                ADC_IRQHandler
                0x00000190                SSP1_IRQHandler
                0x00000190                USB_IRQHandler
                0x00000190                BOD_IRQHandler
                0x00000190                WDT_IRQHandler
                0x00000190                QEI_IRQHandler
                0x00000190                EINT0_IRQHandler
                0x00000190                DMA_IRQHandler
                0x00000190                UART3_IRQHandler
                0x00000190                MCPWM_IRQHandler
                0x00000190                ENET_IRQHandler
 .text.NVIC_SetPriority
                0x00000198       0x54 ./src/main.o
 .text.SysTick_Config
                0x000001ec       0x44 ./src/main.o
 .text.playNote
                0x00000230       0x66 ./src/main.o
 *fill*         0x00000296        0x2 ff
 .text.getNote  0x00000298       0x4c ./src/main.o
 .text.getDuration
                0x000002e4       0x30 ./src/main.o
 .text.getPause
                0x00000314       0x42 ./src/main.o
 .text.playSong
                0x00000356       0x7c ./src/main.o
 *fill*         0x000003d2        0x2 ff
 .text.intToString
                0x000003d4       0xc8 ./src/main.o
 .text.SysTick_Handler
                0x0000049c       0x1c ./src/main.o
                0x0000049c                SysTick_Handler
 .text.getTicks
                0x000004b8       0x14 ./src/main.o
 .text.init_ssp
                0x000004cc       0x78 ./src/main.o
 .text.init_i2c
                0x00000544       0x48 ./src/main.o
 .text.init_adc
                0x0000058c       0x50 ./src/main.o
 .text.main     0x000005dc      0x2d0 ./src/main.o
                0x000005dc                main
 .text.check_failed
                0x000008ac        0xe ./src/main.o
                0x000008ac                check_failed
 *fill*         0x000008ba        0x2 ff
 .text.PWM_Init
                0x000008bc       0x78 ./src/pwm.o
                0x000008bc                PWM_Init
 .text.PWM_SetColor
                0x00000934       0x38 ./src/pwm.o
                0x00000934                PWM_SetColor
 .text.SystemInit
                0x0000096c      0x140 C:\Users\student\Downloads\e08_15_05\Lib_CMSISv1p30_LPC17xx\Debug\libCMSISv1p30_LPC17xx.a(system_LPC17xx.o)
                0x0000096c                SystemInit
 .text.I2CRead  0x00000aac       0x50 C:\Users\student\Downloads\e08_15_05\Lib_EaBaseBoard\Debug\libLib_EaBaseBoard.a(light.o)
 .text.I2CWrite
                0x00000afc       0x50 C:\Users\student\Downloads\e08_15_05\Lib_EaBaseBoard\Debug\libLib_EaBaseBoard.a(light.o)
 .text.readControlReg
                0x00000b4c       0x2c C:\Users\student\Downloads\e08_15_05\Lib_EaBaseBoard\Debug\libLib_EaBaseBoard.a(light.o)
 .text.light_init
                0x00000b78        0xc C:\Users\student\Downloads\e08_15_05\Lib_EaBaseBoard\Debug\libLib_EaBaseBoard.a(light.o)
                0x00000b78                light_init
 .text.light_enable
                0x00000b84       0x3c C:\Users\student\Downloads\e08_15_05\Lib_EaBaseBoard\Debug\libLib_EaBaseBoard.a(light.o)
                0x00000b84                light_enable
 .text.light_read
                0x00000bc0       0x74 C:\Users\student\Downloads\e08_15_05\Lib_EaBaseBoard\Debug\libLib_EaBaseBoard.a(light.o)
                0x00000bc0                light_read
 .text.light_setRange
                0x00000c34       0x90 C:\Users\student\Downloads\e08_15_05\Lib_EaBaseBoard\Debug\libLib_EaBaseBoard.a(light.o)
                0x00000c34                light_setRange
 .text.writeCommand
                0x00000cc4       0x48 C:\Users\student\Downloads\e08_15_05\Lib_EaBaseBoard\Debug\libLib_EaBaseBoard.a(oled.o)
 .text.writeData
                0x00000d0c       0x48 C:\Users\student\Downloads\e08_15_05\Lib_EaBaseBoard\Debug\libLib_EaBaseBoard.a(oled.o)
 .text.writeDataLen
                0x00000d54       0x78 C:\Users\student\Downloads\e08_15_05\Lib_EaBaseBoard\Debug\libLib_EaBaseBoard.a(oled.o)
 .text.runInitSequence
                0x00000dcc       0xd4 C:\Users\student\Downloads\e08_15_05\Lib_EaBaseBoard\Debug\libLib_EaBaseBoard.a(oled.o)
 .text.hLine    0x00000ea0       0x58 C:\Users\student\Downloads\e08_15_05\Lib_EaBaseBoard\Debug\libLib_EaBaseBoard.a(oled.o)
 .text.vLine    0x00000ef8       0x56 C:\Users\student\Downloads\e08_15_05\Lib_EaBaseBoard\Debug\libLib_EaBaseBoard.a(oled.o)
 *fill*         0x00000f4e        0x2 ff
 .text.oled_init
                0x00000f50       0x74 C:\Users\student\Downloads\e08_15_05\Lib_EaBaseBoard\Debug\libLib_EaBaseBoard.a(oled.o)
                0x00000f50                oled_init
 .text.oled_putPixel
                0x00000fc4      0x150 C:\Users\student\Downloads\e08_15_05\Lib_EaBaseBoard\Debug\libLib_EaBaseBoard.a(oled.o)
                0x00000fc4                oled_putPixel
 .text.oled_fillRect
                0x00001114       0x9e C:\Users\student\Downloads\e08_15_05\Lib_EaBaseBoard\Debug\libLib_EaBaseBoard.a(oled.o)
                0x00001114                oled_fillRect
 *fill*         0x000011b2        0x2 ff
 .text.oled_clearScreen
                0x000011b4       0x64 C:\Users\student\Downloads\e08_15_05\Lib_EaBaseBoard\Debug\libLib_EaBaseBoard.a(oled.o)
                0x000011b4                oled_clearScreen
 .text.oled_putChar
                0x00001218       0xd8 C:\Users\student\Downloads\e08_15_05\Lib_EaBaseBoard\Debug\libLib_EaBaseBoard.a(oled.o)
                0x00001218                oled_putChar
 .text.oled_putString
                0x000012f0       0x52 C:\Users\student\Downloads\e08_15_05\Lib_EaBaseBoard\Debug\libLib_EaBaseBoard.a(oled.o)
                0x000012f0                oled_putString
 *fill*         0x00001342        0x2 ff
 .text.temp_init
                0x00001344       0x24 C:\Users\student\Downloads\e08_15_05\Lib_EaBaseBoard\Debug\libLib_EaBaseBoard.a(temp.o)
                0x00001344                temp_init
 .text.temp_read
                0x00001368       0xf0 C:\Users\student\Downloads\e08_15_05\Lib_EaBaseBoard\Debug\libLib_EaBaseBoard.a(temp.o)
                0x00001368                temp_read
 .text.ADC_Init
                0x00001458       0x90 C:\Users\student\Downloads\e08_15_05\Lib_MCU\Debug\libLib_MCU.a(lpc17xx_adc.o)
                0x00001458                ADC_Init
 .text.ADC_StartCmd
                0x000014e8       0x80 C:\Users\student\Downloads\e08_15_05\Lib_MCU\Debug\libLib_MCU.a(lpc17xx_adc.o)
                0x000014e8                ADC_StartCmd
 .text.ADC_IntConfig
                0x00001568       0x9c C:\Users\student\Downloads\e08_15_05\Lib_MCU\Debug\libLib_MCU.a(lpc17xx_adc.o)
                0x00001568                ADC_IntConfig
 .text.ADC_ChannelCmd
                0x00001604       0x60 C:\Users\student\Downloads\e08_15_05\Lib_MCU\Debug\libLib_MCU.a(lpc17xx_adc.o)
                0x00001604                ADC_ChannelCmd
 .text.ADC_ChannelGetData
                0x00001664       0x4c C:\Users\student\Downloads\e08_15_05\Lib_MCU\Debug\libLib_MCU.a(lpc17xx_adc.o)
                0x00001664                ADC_ChannelGetData
 .text.ADC_ChannelGetStatus
                0x000016b0       0x7c C:\Users\student\Downloads\e08_15_05\Lib_MCU\Debug\libLib_MCU.a(lpc17xx_adc.o)
                0x000016b0                ADC_ChannelGetStatus
 .text.CLKPWR_SetPCLKDiv
                0x0000172c       0x90 C:\Users\student\Downloads\e08_15_05\Lib_MCU\Debug\libLib_MCU.a(lpc17xx_clkpwr.o)
                0x0000172c                CLKPWR_SetPCLKDiv
 .text.CLKPWR_GetPCLKSEL
                0x000017bc       0x48 C:\Users\student\Downloads\e08_15_05\Lib_MCU\Debug\libLib_MCU.a(lpc17xx_clkpwr.o)
                0x000017bc                CLKPWR_GetPCLKSEL
 .text.CLKPWR_GetPCLK
                0x00001804       0x64 C:\Users\student\Downloads\e08_15_05\Lib_MCU\Debug\libLib_MCU.a(lpc17xx_clkpwr.o)
                0x00001804                CLKPWR_GetPCLK
 .text.CLKPWR_ConfigPPWR
                0x00001868       0x58 C:\Users\student\Downloads\e08_15_05\Lib_MCU\Debug\libLib_MCU.a(lpc17xx_clkpwr.o)
                0x00001868                CLKPWR_ConfigPPWR
 .text.GPIO_GetPointer
                0x000018c0       0x70 C:\Users\student\Downloads\e08_15_05\Lib_MCU\Debug\libLib_MCU.a(lpc17xx_gpio.o)
 .text.GPIO_SetDir
                0x00001930       0x4a C:\Users\student\Downloads\e08_15_05\Lib_MCU\Debug\libLib_MCU.a(lpc17xx_gpio.o)
                0x00001930                GPIO_SetDir
 .text.GPIO_SetValue
                0x0000197a       0x2a C:\Users\student\Downloads\e08_15_05\Lib_MCU\Debug\libLib_MCU.a(lpc17xx_gpio.o)
                0x0000197a                GPIO_SetValue
 .text.GPIO_ClearValue
                0x000019a4       0x2a C:\Users\student\Downloads\e08_15_05\Lib_MCU\Debug\libLib_MCU.a(lpc17xx_gpio.o)
                0x000019a4                GPIO_ClearValue
 .text.GPIO_ReadValue
                0x000019ce       0x2a C:\Users\student\Downloads\e08_15_05\Lib_MCU\Debug\libLib_MCU.a(lpc17xx_gpio.o)
                0x000019ce                GPIO_ReadValue
 .text.NVIC_EnableIRQ
                0x000019f8       0x30 C:\Users\student\Downloads\e08_15_05\Lib_MCU\Debug\libLib_MCU.a(lpc17xx_i2c.o)
 .text.NVIC_DisableIRQ
                0x00001a28       0x34 C:\Users\student\Downloads\e08_15_05\Lib_MCU\Debug\libLib_MCU.a(lpc17xx_i2c.o)
 .text.I2C_getNum
                0x00001a5c       0x48 C:\Users\student\Downloads\e08_15_05\Lib_MCU\Debug\libLib_MCU.a(lpc17xx_i2c.o)
 .text.I2C_Start
                0x00001aa4       0x3a C:\Users\student\Downloads\e08_15_05\Lib_MCU\Debug\libLib_MCU.a(lpc17xx_i2c.o)
 .text.I2C_Stop
                0x00001ade       0x30 C:\Users\student\Downloads\e08_15_05\Lib_MCU\Debug\libLib_MCU.a(lpc17xx_i2c.o)
 .text.I2C_SendByte
                0x00001b0e       0x4a C:\Users\student\Downloads\e08_15_05\Lib_MCU\Debug\libLib_MCU.a(lpc17xx_i2c.o)
 .text.I2C_GetByte
                0x00001b58       0x52 C:\Users\student\Downloads\e08_15_05\Lib_MCU\Debug\libLib_MCU.a(lpc17xx_i2c.o)
 *fill*         0x00001baa        0x2 ff
 .text.I2C_SetClock
                0x00001bac       0xa4 C:\Users\student\Downloads\e08_15_05\Lib_MCU\Debug\libLib_MCU.a(lpc17xx_i2c.o)
 .text.I2C_Init
                0x00001c50       0xa4 C:\Users\student\Downloads\e08_15_05\Lib_MCU\Debug\libLib_MCU.a(lpc17xx_i2c.o)
                0x00001c50                I2C_Init
 .text.I2C_Cmd  0x00001cf4       0x70 C:\Users\student\Downloads\e08_15_05\Lib_MCU\Debug\libLib_MCU.a(lpc17xx_i2c.o)
                0x00001cf4                I2C_Cmd
 .text.I2C_IntCmd
                0x00001d64       0x88 C:\Users\student\Downloads\e08_15_05\Lib_MCU\Debug\libLib_MCU.a(lpc17xx_i2c.o)
                0x00001d64                I2C_IntCmd
 .text.I2C_MasterTransferData
                0x00001dec      0x2e8 C:\Users\student\Downloads\e08_15_05\Lib_MCU\Debug\libLib_MCU.a(lpc17xx_i2c.o)
                0x00001dec                I2C_MasterTransferData
 .text.set_PinFunc
                0x000020d4       0x80 C:\Users\student\Downloads\e08_15_05\Lib_MCU\Debug\libLib_MCU.a(lpc17xx_pinsel.o)
 .text.set_ResistorMode
                0x00002154       0x80 C:\Users\student\Downloads\e08_15_05\Lib_MCU\Debug\libLib_MCU.a(lpc17xx_pinsel.o)
 .text.set_OpenDrainMode
                0x000021d4       0x68 C:\Users\student\Downloads\e08_15_05\Lib_MCU\Debug\libLib_MCU.a(lpc17xx_pinsel.o)
 .text.PINSEL_ConfigPin
                0x0000223c       0x46 C:\Users\student\Downloads\e08_15_05\Lib_MCU\Debug\libLib_MCU.a(lpc17xx_pinsel.o)
                0x0000223c                PINSEL_ConfigPin
 *fill*         0x00002282        0x2 ff
 .text.setSSPclock
                0x00002284       0xc4 C:\Users\student\Downloads\e08_15_05\Lib_MCU\Debug\libLib_MCU.a(lpc17xx_ssp.o)
 .text.SSP_Init
                0x00002348       0x9c C:\Users\student\Downloads\e08_15_05\Lib_MCU\Debug\libLib_MCU.a(lpc17xx_ssp.o)
                0x00002348                SSP_Init
 .text.SSP_GetDataSize
                0x000023e4       0x40 C:\Users\student\Downloads\e08_15_05\Lib_MCU\Debug\libLib_MCU.a(lpc17xx_ssp.o)
                0x000023e4                SSP_GetDataSize
 .text.SSP_ConfigStructInit
                0x00002424       0x3c C:\Users\student\Downloads\e08_15_05\Lib_MCU\Debug\libLib_MCU.a(lpc17xx_ssp.o)
                0x00002424                SSP_ConfigStructInit
 .text.SSP_Cmd  0x00002460       0x6c C:\Users\student\Downloads\e08_15_05\Lib_MCU\Debug\libLib_MCU.a(lpc17xx_ssp.o)
                0x00002460                SSP_Cmd
 .text.SSP_SendData
                0x000024cc       0x40 C:\Users\student\Downloads\e08_15_05\Lib_MCU\Debug\libLib_MCU.a(lpc17xx_ssp.o)
                0x000024cc                SSP_SendData
 .text.SSP_ReceiveData
                0x0000250c       0x3c C:\Users\student\Downloads\e08_15_05\Lib_MCU\Debug\libLib_MCU.a(lpc17xx_ssp.o)
                0x0000250c                SSP_ReceiveData
 .text.SSP_ReadWrite
                0x00002548      0x34a C:\Users\student\Downloads\e08_15_05\Lib_MCU\Debug\libLib_MCU.a(lpc17xx_ssp.o)
                0x00002548                SSP_ReadWrite
 *fill*         0x00002892        0x2 ff
 .text.getPClock
                0x00002894       0x58 C:\Users\student\Downloads\e08_15_05\Lib_MCU\Debug\libLib_MCU.a(lpc17xx_timer.o)
 .text.converUSecToVal
                0x000028ec       0x64 C:\Users\student\Downloads\e08_15_05\Lib_MCU\Debug\libLib_MCU.a(lpc17xx_timer.o)
 .text.converPtrToTimeNum
                0x00002950       0x5c C:\Users\student\Downloads\e08_15_05\Lib_MCU\Debug\libLib_MCU.a(lpc17xx_timer.o)
 .text.TIM_GetIntStatus
                0x000029ac       0x98 C:\Users\student\Downloads\e08_15_05\Lib_MCU\Debug\libLib_MCU.a(lpc17xx_timer.o)
                0x000029ac                TIM_GetIntStatus
 .text.TIM_ClearIntPending
                0x00002a44       0x88 C:\Users\student\Downloads\e08_15_05\Lib_MCU\Debug\libLib_MCU.a(lpc17xx_timer.o)
                0x00002a44                TIM_ClearIntPending
 .text.TIM_Init
                0x00002acc      0x184 C:\Users\student\Downloads\e08_15_05\Lib_MCU\Debug\libLib_MCU.a(lpc17xx_timer.o)
                0x00002acc                TIM_Init
 .text.TIM_Cmd  0x00002c50       0x70 C:\Users\student\Downloads\e08_15_05\Lib_MCU\Debug\libLib_MCU.a(lpc17xx_timer.o)
                0x00002c50                TIM_Cmd
 .text.TIM_ConfigMatch
                0x00002cc0      0x188 C:\Users\student\Downloads\e08_15_05\Lib_MCU\Debug\libLib_MCU.a(lpc17xx_timer.o)
                0x00002cc0                TIM_ConfigMatch
 .text.Timer0_Wait
                0x00002e48       0x76 C:\Users\student\Downloads\e08_15_05\Lib_MCU\Debug\libLib_MCU.a(lpc17xx_timer.o)
                0x00002e48                Timer0_Wait
 .text.Timer0_us_Wait
                0x00002ebe       0x74 C:\Users\student\Downloads\e08_15_05\Lib_MCU\Debug\libLib_MCU.a(lpc17xx_timer.o)
                0x00002ebe                Timer0_us_Wait
 *fill*         0x00002f32        0x2 ff
 .text          0x00002f34       0x30 c:/nxp/mcuxpressoide_11.9.1_2170/ide/plugins/com.nxp.mcuxpresso.tools.win32_11.9.1.202402080819/tools/bin/../lib/gcc/arm-none-eabi/12.3.1/thumb/v7-m/nofp\libgcc.a(_aeabi_uldivmod.o)
                0x00002f34                __aeabi_uldivmod
 .text.__udivmoddi4
                0x00002f64      0x2b8 c:/nxp/mcuxpressoide_11.9.1_2170/ide/plugins/com.nxp.mcuxpresso.tools.win32_11.9.1.202402080819/tools/bin/../lib/gcc/arm-none-eabi/12.3.1/thumb/v7-m/nofp\libgcc.a(_udivmoddi4.o)
                0x00002f64                __udivmoddi4
 .text          0x0000321c        0x4 c:/nxp/mcuxpressoide_11.9.1_2170/ide/plugins/com.nxp.mcuxpresso.tools.win32_11.9.1.202402080819/tools/bin/../lib/gcc/arm-none-eabi/12.3.1/thumb/v7-m/nofp\libgcc.a(_dvmd_tls.o)
                0x0000321c                __aeabi_idiv0
                0x0000321c                __aeabi_ldiv0
 .text.sprintf  0x00003220       0x44 c:/nxp/mcuxpressoide_11.9.1_2170/ide/plugins/com.nxp.mcuxpresso.tools.win32_11.9.1.202402080819/tools/bin/../lib/gcc/arm-none-eabi/12.3.1/thumb/v7-m/nofp\libc.a(libc_a-sprintf.o)
                0x00003220                sprintf
 .text.memset   0x00003264       0xa0 c:/nxp/mcuxpressoide_11.9.1_2170/ide/plugins/com.nxp.mcuxpresso.tools.win32_11.9.1.202402080819/tools/bin/../lib/gcc/arm-none-eabi/12.3.1/thumb/v7-m/nofp\libc.a(libc_a-memset.o)
                0x00003264                memset
 .text._svfprintf_r
                0x00003304     0x1bb8 c:/nxp/mcuxpressoide_11.9.1_2170/ide/plugins/com.nxp.mcuxpresso.tools.win32_11.9.1.202402080819/tools/bin/../lib/gcc/arm-none-eabi/12.3.1/thumb/v7-m/nofp\libc.a(libc_a-svfprintf.o)
                0x00003304                _svfprintf_r
 .text.stdio_exit_handler
                0x00004ebc       0x18 c:/nxp/mcuxpressoide_11.9.1_2170/ide/plugins/com.nxp.mcuxpresso.tools.win32_11.9.1.202402080819/tools/bin/../lib/gcc/arm-none-eabi/12.3.1/thumb/v7-m/nofp\libc.a(libc_a-findfp.o)
 .text.cleanup_stdio
                0x00004ed4       0x40 c:/nxp/mcuxpressoide_11.9.1_2170/ide/plugins/com.nxp.mcuxpresso.tools.win32_11.9.1.202402080819/tools/bin/../lib/gcc/arm-none-eabi/12.3.1/thumb/v7-m/nofp\libc.a(libc_a-findfp.o)
 .text.global_stdio_init.part.0
                0x00004f14       0xf0 c:/nxp/mcuxpressoide_11.9.1_2170/ide/plugins/com.nxp.mcuxpresso.tools.win32_11.9.1.202402080819/tools/bin/../lib/gcc/arm-none-eabi/12.3.1/thumb/v7-m/nofp\libc.a(libc_a-findfp.o)
 .text.__sinit  0x00005004       0x3c c:/nxp/mcuxpressoide_11.9.1_2170/ide/plugins/com.nxp.mcuxpresso.tools.win32_11.9.1.202402080819/tools/bin/../lib/gcc/arm-none-eabi/12.3.1/thumb/v7-m/nofp\libc.a(libc_a-findfp.o)
                0x00005004                __sinit
 .text.__sfp_lock_acquire
                0x00005040        0xc c:/nxp/mcuxpressoide_11.9.1_2170/ide/plugins/com.nxp.mcuxpresso.tools.win32_11.9.1.202402080819/tools/bin/../lib/gcc/arm-none-eabi/12.3.1/thumb/v7-m/nofp\libc.a(libc_a-findfp.o)
                0x00005040                __sfp_lock_acquire
 .text.__sfp_lock_release
                0x0000504c        0xc c:/nxp/mcuxpressoide_11.9.1_2170/ide/plugins/com.nxp.mcuxpresso.tools.win32_11.9.1.202402080819/tools/bin/../lib/gcc/arm-none-eabi/12.3.1/thumb/v7-m/nofp\libc.a(libc_a-findfp.o)
                0x0000504c                __sfp_lock_release
 .text._fwalk_sglue
                0x00005058       0x44 c:/nxp/mcuxpressoide_11.9.1_2170/ide/plugins/com.nxp.mcuxpresso.tools.win32_11.9.1.202402080819/tools/bin/../lib/gcc/arm-none-eabi/12.3.1/thumb/v7-m/nofp\libc.a(libc_a-fwalk.o)
                0x00005058                _fwalk_sglue
 .text.__sread  0x0000509c       0x24 c:/nxp/mcuxpressoide_11.9.1_2170/ide/plugins/com.nxp.mcuxpresso.tools.win32_11.9.1.202402080819/tools/bin/../lib/gcc/arm-none-eabi/12.3.1/thumb/v7-m/nofp\libc.a(libc_a-stdio.o)
                0x0000509c                __sread
 .text.__swrite
                0x000050c0       0x40 c:/nxp/mcuxpressoide_11.9.1_2170/ide/plugins/com.nxp.mcuxpresso.tools.win32_11.9.1.202402080819/tools/bin/../lib/gcc/arm-none-eabi/12.3.1/thumb/v7-m/nofp\libc.a(libc_a-stdio.o)
                0x000050c0                __swrite
 .text.__sseek  0x00005100       0x24 c:/nxp/mcuxpressoide_11.9.1_2170/ide/plugins/com.nxp.mcuxpresso.tools.win32_11.9.1.202402080819/tools/bin/../lib/gcc/arm-none-eabi/12.3.1/thumb/v7-m/nofp\libc.a(libc_a-stdio.o)
                0x00005100                __sseek
 .text.__sclose
                0x00005124        0x8 c:/nxp/mcuxpressoide_11.9.1_2170/ide/plugins/com.nxp.mcuxpresso.tools.win32_11.9.1.202402080819/tools/bin/../lib/gcc/arm-none-eabi/12.3.1/thumb/v7-m/nofp\libc.a(libc_a-stdio.o)
                0x00005124                __sclose
 .text.strncpy  0x0000512c       0x6c c:/nxp/mcuxpressoide_11.9.1_2170/ide/plugins/com.nxp.mcuxpresso.tools.win32_11.9.1.202402080819/tools/bin/../lib/gcc/arm-none-eabi/12.3.1/thumb/v7-m/nofp\libc.a(libc_a-strncpy.o)
                0x0000512c                strncpy
 .text.__locale_mb_cur_max
                0x00005198        0xc c:/nxp/mcuxpressoide_11.9.1_2170/ide/plugins/com.nxp.mcuxpresso.tools.win32_11.9.1.202402080819/tools/bin/../lib/gcc/arm-none-eabi/12.3.1/thumb/v7-m/nofp\libc.a(libc_a-locale.o)
                0x00005198                __locale_mb_cur_max
 .text._localeconv_r
                0x000051a4        0x8 c:/nxp/mcuxpressoide_11.9.1_2170/ide/plugins/com.nxp.mcuxpresso.tools.win32_11.9.1.202402080819/tools/bin/../lib/gcc/arm-none-eabi/12.3.1/thumb/v7-m/nofp\libc.a(libc_a-localeconv.o)
                0x000051a4                _localeconv_r
 .text._close_r
                0x000051ac       0x24 c:/nxp/mcuxpressoide_11.9.1_2170/ide/plugins/com.nxp.mcuxpresso.tools.win32_11.9.1.202402080819/tools/bin/../lib/gcc/arm-none-eabi/12.3.1/thumb/v7-m/nofp\libc.a(libc_a-closer.o)
                0x000051ac                _close_r
 .text._lseek_r
                0x000051d0       0x2c c:/nxp/mcuxpressoide_11.9.1_2170/ide/plugins/com.nxp.mcuxpresso.tools.win32_11.9.1.202402080819/tools/bin/../lib/gcc/arm-none-eabi/12.3.1/thumb/v7-m/nofp\libc.a(libc_a-lseekr.o)
                0x000051d0                _lseek_r
 .text._read_r  0x000051fc       0x2c c:/nxp/mcuxpressoide_11.9.1_2170/ide/plugins/com.nxp.mcuxpresso.tools.win32_11.9.1.202402080819/tools/bin/../lib/gcc/arm-none-eabi/12.3.1/thumb/v7-m/nofp\libc.a(libc_a-readr.o)
                0x000051fc                _read_r
 .text._write_r
                0x00005228       0x2c c:/nxp/mcuxpressoide_11.9.1_2170/ide/plugins/com.nxp.mcuxpresso.tools.win32_11.9.1.202402080819/tools/bin/../lib/gcc/arm-none-eabi/12.3.1/thumb/v7-m/nofp\libc.a(libc_a-writer.o)
                0x00005228                _write_r
 .text.__retarget_lock_init_recursive
                0x00005254        0x4 c:/nxp/mcuxpressoide_11.9.1_2170/ide/plugins/com.nxp.mcuxpresso.tools.win32_11.9.1.202402080819/tools/bin/../lib/gcc/arm-none-eabi/12.3.1/thumb/v7-m/nofp\libc.a(libc_a-lock.o)
                0x00005254                __retarget_lock_init_recursive
 .text.__retarget_lock_close_recursive
                0x00005258        0x4 c:/nxp/mcuxpressoide_11.9.1_2170/ide/plugins/com.nxp.mcuxpresso.tools.win32_11.9.1.202402080819/tools/bin/../lib/gcc/arm-none-eabi/12.3.1/thumb/v7-m/nofp\libc.a(libc_a-lock.o)
                0x00005258                __retarget_lock_close_recursive
 .text.__retarget_lock_acquire_recursive
                0x0000525c        0x4 c:/nxp/mcuxpressoide_11.9.1_2170/ide/plugins/com.nxp.mcuxpresso.tools.win32_11.9.1.202402080819/tools/bin/../lib/gcc/arm-none-eabi/12.3.1/thumb/v7-m/nofp\libc.a(libc_a-lock.o)
                0x0000525c                __retarget_lock_acquire_recursive
 .text.__retarget_lock_release_recursive
                0x00005260        0x4 c:/nxp/mcuxpressoide_11.9.1_2170/ide/plugins/com.nxp.mcuxpresso.tools.win32_11.9.1.202402080819/tools/bin/../lib/gcc/arm-none-eabi/12.3.1/thumb/v7-m/nofp\libc.a(libc_a-lock.o)
                0x00005260                __retarget_lock_release_recursive
 .text.memchr   0x00005264       0x98 c:/nxp/mcuxpressoide_11.9.1_2170/ide/plugins/com.nxp.mcuxpresso.tools.win32_11.9.1.202402080819/tools/bin/../lib/gcc/arm-none-eabi/12.3.1/thumb/v7-m/nofp\libc.a(libc_a-memchr-stub.o)
                0x00005264                memchr
 .text.strlen   0x000052fc       0x5c c:/nxp/mcuxpressoide_11.9.1_2170/ide/plugins/com.nxp.mcuxpresso.tools.win32_11.9.1.202402080819/tools/bin/../lib/gcc/arm-none-eabi/12.3.1/thumb/v7-m/nofp\libc.a(libc_a-strlen-stub.o)
                0x000052fc                strlen
 .text.frexp    0x00005358       0x70 c:/nxp/mcuxpressoide_11.9.1_2170/ide/plugins/com.nxp.mcuxpresso.tools.win32_11.9.1.202402080819/tools/bin/../lib/gcc/arm-none-eabi/12.3.1/thumb/v7-m/nofp\libc.a(libm_a-s_frexp.o)
                0x00005358                frexp
 .text.quorem   0x000053c8      0x13c c:/nxp/mcuxpressoide_11.9.1_2170/ide/plugins/com.nxp.mcuxpresso.tools.win32_11.9.1.202402080819/tools/bin/../lib/gcc/arm-none-eabi/12.3.1/thumb/v7-m/nofp\libc.a(libc_a-dtoa.o)
 *fill*         0x00005504        0x4 ff
 .text._dtoa_r  0x00005508      0xe54 c:/nxp/mcuxpressoide_11.9.1_2170/ide/plugins/com.nxp.mcuxpresso.tools.win32_11.9.1.202402080819/tools/bin/../lib/gcc/arm-none-eabi/12.3.1/thumb/v7-m/nofp\libc.a(libc_a-dtoa.o)
                0x00005508                _dtoa_r
 .text._malloc_trim_r
                0x0000635c       0xb8 c:/nxp/mcuxpressoide_11.9.1_2170/ide/plugins/com.nxp.mcuxpresso.tools.win32_11.9.1.202402080819/tools/bin/../lib/gcc/arm-none-eabi/12.3.1/thumb/v7-m/nofp\libc.a(libc_a-freer.o)
                0x0000635c                _malloc_trim_r
 .text._free_r  0x00006414      0x1fc c:/nxp/mcuxpressoide_11.9.1_2170/ide/plugins/com.nxp.mcuxpresso.tools.win32_11.9.1.202402080819/tools/bin/../lib/gcc/arm-none-eabi/12.3.1/thumb/v7-m/nofp\libc.a(libc_a-freer.o)
                0x00006414                _free_r
 .text._malloc_r
                0x00006610      0x570 c:/nxp/mcuxpressoide_11.9.1_2170/ide/plugins/com.nxp.mcuxpresso.tools.win32_11.9.1.202402080819/tools/bin/../lib/gcc/arm-none-eabi/12.3.1/thumb/v7-m/nofp\libc.a(libc_a-mallocr.o)
                0x00006610                _malloc_r
 .text.__ascii_mbtowc
                0x00006b80       0x2c c:/nxp/mcuxpressoide_11.9.1_2170/ide/plugins/com.nxp.mcuxpresso.tools.win32_11.9.1.202402080819/tools/bin/../lib/gcc/arm-none-eabi/12.3.1/thumb/v7-m/nofp\libc.a(libc_a-mbtowc_r.o)
                0x00006b80                __ascii_mbtowc
 .text.__malloc_lock
                0x00006bac        0xc c:/nxp/mcuxpressoide_11.9.1_2170/ide/plugins/com.nxp.mcuxpresso.tools.win32_11.9.1.202402080819/tools/bin/../lib/gcc/arm-none-eabi/12.3.1/thumb/v7-m/nofp\libc.a(libc_a-mlock.o)
                0x00006bac                __malloc_lock
 .text.__malloc_unlock
                0x00006bb8        0xc c:/nxp/mcuxpressoide_11.9.1_2170/ide/plugins/com.nxp.mcuxpresso.tools.win32_11.9.1.202402080819/tools/bin/../lib/gcc/arm-none-eabi/12.3.1/thumb/v7-m/nofp\libc.a(libc_a-mlock.o)
                0x00006bb8                __malloc_unlock
 .text._Balloc  0x00006bc4       0x4c c:/nxp/mcuxpressoide_11.9.1_2170/ide/plugins/com.nxp.mcuxpresso.tools.win32_11.9.1.202402080819/tools/bin/../lib/gcc/arm-none-eabi/12.3.1/thumb/v7-m/nofp\libc.a(libc_a-mprec.o)
                0x00006bc4                _Balloc
 .text._Bfree   0x00006c10       0x14 c:/nxp/mcuxpressoide_11.9.1_2170/ide/plugins/com.nxp.mcuxpresso.tools.win32_11.9.1.202402080819/tools/bin/../lib/gcc/arm-none-eabi/12.3.1/thumb/v7-m/nofp\libc.a(libc_a-mprec.o)
                0x00006c10                _Bfree
 .text.__multadd
                0x00006c24       0xa4 c:/nxp/mcuxpressoide_11.9.1_2170/ide/plugins/com.nxp.mcuxpresso.tools.win32_11.9.1.202402080819/tools/bin/../lib/gcc/arm-none-eabi/12.3.1/thumb/v7-m/nofp\libc.a(libc_a-mprec.o)
                0x00006c24                __multadd
 .text.__hi0bits
                0x00006cc8       0x44 c:/nxp/mcuxpressoide_11.9.1_2170/ide/plugins/com.nxp.mcuxpresso.tools.win32_11.9.1.202402080819/tools/bin/../lib/gcc/arm-none-eabi/12.3.1/thumb/v7-m/nofp\libc.a(libc_a-mprec.o)
                0x00006cc8                __hi0bits
 .text.__lo0bits
                0x00006d0c       0x5c c:/nxp/mcuxpressoide_11.9.1_2170/ide/plugins/com.nxp.mcuxpresso.tools.win32_11.9.1.202402080819/tools/bin/../lib/gcc/arm-none-eabi/12.3.1/thumb/v7-m/nofp\libc.a(libc_a-mprec.o)
                0x00006d0c                __lo0bits
 .text.__i2b    0x00006d68       0x5c c:/nxp/mcuxpressoide_11.9.1_2170/ide/plugins/com.nxp.mcuxpresso.tools.win32_11.9.1.202402080819/tools/bin/../lib/gcc/arm-none-eabi/12.3.1/thumb/v7-m/nofp\libc.a(libc_a-mprec.o)
                0x00006d68                __i2b
 .text.__multiply
                0x00006dc4      0x164 c:/nxp/mcuxpressoide_11.9.1_2170/ide/plugins/com.nxp.mcuxpresso.tools.win32_11.9.1.202402080819/tools/bin/../lib/gcc/arm-none-eabi/12.3.1/thumb/v7-m/nofp\libc.a(libc_a-mprec.o)
                0x00006dc4                __multiply
 .text.__pow5mult
                0x00006f28       0xb4 c:/nxp/mcuxpressoide_11.9.1_2170/ide/plugins/com.nxp.mcuxpresso.tools.win32_11.9.1.202402080819/tools/bin/../lib/gcc/arm-none-eabi/12.3.1/thumb/v7-m/nofp\libc.a(libc_a-mprec.o)
                0x00006f28                __pow5mult
 .text.__lshift
                0x00006fdc       0xec c:/nxp/mcuxpressoide_11.9.1_2170/ide/plugins/com.nxp.mcuxpresso.tools.win32_11.9.1.202402080819/tools/bin/../lib/gcc/arm-none-eabi/12.3.1/thumb/v7-m/nofp\libc.a(libc_a-mprec.o)
                0x00006fdc                __lshift
 .text.__mcmp   0x000070c8       0x40 c:/nxp/mcuxpressoide_11.9.1_2170/ide/plugins/com.nxp.mcuxpresso.tools.win32_11.9.1.202402080819/tools/bin/../lib/gcc/arm-none-eabi/12.3.1/thumb/v7-m/nofp\libc.a(libc_a-mprec.o)
                0x000070c8                __mcmp
 .text.__mdiff  0x00007108      0x160 c:/nxp/mcuxpressoide_11.9.1_2170/ide/plugins/com.nxp.mcuxpresso.tools.win32_11.9.1.202402080819/tools/bin/../lib/gcc/arm-none-eabi/12.3.1/thumb/v7-m/nofp\libc.a(libc_a-mprec.o)
                0x00007108                __mdiff
 .text.__d2b    0x00007268       0xbc c:/nxp/mcuxpressoide_11.9.1_2170/ide/plugins/com.nxp.mcuxpresso.tools.win32_11.9.1.202402080819/tools/bin/../lib/gcc/arm-none-eabi/12.3.1/thumb/v7-m/nofp\libc.a(libc_a-mprec.o)
                0x00007268                __d2b
 .text.__ascii_wctomb
                0x00007324       0x1c c:/nxp/mcuxpressoide_11.9.1_2170/ide/plugins/com.nxp.mcuxpresso.tools.win32_11.9.1.202402080819/tools/bin/../lib/gcc/arm-none-eabi/12.3.1/thumb/v7-m/nofp\libc.a(libc_a-wctomb_r.o)
                0x00007324                __ascii_wctomb
 .text._wcrtomb_r
                0x00007340       0x4c c:/nxp/mcuxpressoide_11.9.1_2170/ide/plugins/com.nxp.mcuxpresso.tools.win32_11.9.1.202402080819/tools/bin/../lib/gcc/arm-none-eabi/12.3.1/thumb/v7-m/nofp\libc.a(libc_a-wcrtomb.o)
                0x00007340                _wcrtomb_r
 .text._wcsrtombs_r
                0x0000738c       0x18 c:/nxp/mcuxpressoide_11.9.1_2170/ide/plugins/com.nxp.mcuxpresso.tools.win32_11.9.1.202402080819/tools/bin/../lib/gcc/arm-none-eabi/12.3.1/thumb/v7-m/nofp\libc.a(libc_a-wcsrtombs.o)
                0x0000738c                _wcsrtombs_r
 .text.__ssprint_r
                0x000073a4      0x110 c:/nxp/mcuxpressoide_11.9.1_2170/ide/plugins/com.nxp.mcuxpresso.tools.win32_11.9.1.202402080819/tools/bin/../lib/gcc/arm-none-eabi/12.3.1/thumb/v7-m/nofp\libc.a(libc_a-svfiprintf.o)
                0x000073a4                __ssprint_r
 .text._fclose_r
                0x000074b4       0xc0 c:/nxp/mcuxpressoide_11.9.1_2170/ide/plugins/com.nxp.mcuxpresso.tools.win32_11.9.1.202402080819/tools/bin/../lib/gcc/arm-none-eabi/12.3.1/thumb/v7-m/nofp\libc.a(libc_a-fclose.o)
                0x000074b4                _fclose_r
 .text.__sflush_r
                0x00007574      0x128 c:/nxp/mcuxpressoide_11.9.1_2170/ide/plugins/com.nxp.mcuxpresso.tools.win32_11.9.1.202402080819/tools/bin/../lib/gcc/arm-none-eabi/12.3.1/thumb/v7-m/nofp\libc.a(libc_a-fflush.o)
                0x00007574                __sflush_r
 .text._fflush_r
                0x0000769c       0x54 c:/nxp/mcuxpressoide_11.9.1_2170/ide/plugins/com.nxp.mcuxpresso.tools.win32_11.9.1.202402080819/tools/bin/../lib/gcc/arm-none-eabi/12.3.1/thumb/v7-m/nofp\libc.a(libc_a-fflush.o)
                0x0000769c                _fflush_r
 .text.memmove  0x000076f0       0xfc c:/nxp/mcuxpressoide_11.9.1_2170/ide/plugins/com.nxp.mcuxpresso.tools.win32_11.9.1.202402080819/tools/bin/../lib/gcc/arm-none-eabi/12.3.1/thumb/v7-m/nofp\libc.a(libc_a-memmove.o)
                0x000076f0                memmove
 .text._sbrk_r  0x000077ec       0x24 c:/nxp/mcuxpressoide_11.9.1_2170/ide/plugins/com.nxp.mcuxpresso.tools.win32_11.9.1.202402080819/tools/bin/../lib/gcc/arm-none-eabi/12.3.1/thumb/v7-m/nofp\libc.a(libc_a-sbrkr.o)
                0x000077ec                _sbrk_r
 .text.__errno  0x00007810        0xc c:/nxp/mcuxpressoide_11.9.1_2170/ide/plugins/com.nxp.mcuxpresso.tools.win32_11.9.1.202402080819/tools/bin/../lib/gcc/arm-none-eabi/12.3.1/thumb/v7-m/nofp\libc.a(libc_a-errno.o)
                0x00007810                __errno
 .text.sysconf  0x0000781c       0x1c c:/nxp/mcuxpressoide_11.9.1_2170/ide/plugins/com.nxp.mcuxpresso.tools.win32_11.9.1.202402080819/tools/bin/../lib/gcc/arm-none-eabi/12.3.1/thumb/v7-m/nofp\libc.a(libc_a-sysconf.o)
                0x0000781c                sysconf
 .text          0x00007838       0xec c:/nxp/mcuxpressoide_11.9.1_2170/ide/plugins/com.nxp.mcuxpresso.tools.win32_11.9.1.202402080819/tools/bin/../lib/gcc/arm-none-eabi/12.3.1/thumb/v7-m/nofp\libc.a(libc_a-memcpy.o)
                0x00007838                memcpy
 .text.__assert_func
                0x00007924       0x40 c:/nxp/mcuxpressoide_11.9.1_2170/ide/plugins/com.nxp.mcuxpresso.tools.win32_11.9.1.202402080819/tools/bin/../lib/gcc/arm-none-eabi/12.3.1/thumb/v7-m/nofp\libc.a(libc_a-assert.o)
                0x00007924                __assert_func
 .text._calloc_r
                0x00007964       0x6c c:/nxp/mcuxpressoide_11.9.1_2170/ide/plugins/com.nxp.mcuxpresso.tools.win32_11.9.1.202402080819/tools/bin/../lib/gcc/arm-none-eabi/12.3.1/thumb/v7-m/nofp\libc.a(libc_a-callocr.o)
                0x00007964                _calloc_r
 .text._realloc_r
                0x000079d0      0x34c c:/nxp/mcuxpressoide_11.9.1_2170/ide/plugins/com.nxp.mcuxpresso.tools.win32_11.9.1.202402080819/tools/bin/../lib/gcc/arm-none-eabi/12.3.1/thumb/v7-m/nofp\libc.a(libc_a-reallocr.o)
                0x000079d0                _realloc_r
 .text._wcsnrtombs_l
                0x00007d1c       0xec c:/nxp/mcuxpressoide_11.9.1_2170/ide/plugins/com.nxp.mcuxpresso.tools.win32_11.9.1.202402080819/tools/bin/../lib/gcc/arm-none-eabi/12.3.1/thumb/v7-m/nofp\libc.a(libc_a-wcsnrtombs.o)
                0x00007d1c                _wcsnrtombs_l
 .text._wcsnrtombs_r
                0x00007e08       0x24 c:/nxp/mcuxpressoide_11.9.1_2170/ide/plugins/com.nxp.mcuxpresso.tools.win32_11.9.1.202402080819/tools/bin/../lib/gcc/arm-none-eabi/12.3.1/thumb/v7-m/nofp\libc.a(libc_a-wcsnrtombs.o)
                0x00007e08                _wcsnrtombs_r
 .text.fiprintf
                0x00007e2c       0x28 c:/nxp/mcuxpressoide_11.9.1_2170/ide/plugins/com.nxp.mcuxpresso.tools.win32_11.9.1.202402080819/tools/bin/../lib/gcc/arm-none-eabi/12.3.1/thumb/v7-m/nofp\libc.a(libc_a-fiprintf.o)
                0x00007e2c                fiprintf
 .text.__sprint_r.part.0
                0x00007e54       0x78 c:/nxp/mcuxpressoide_11.9.1_2170/ide/plugins/com.nxp.mcuxpresso.tools.win32_11.9.1.202402080819/tools/bin/../lib/gcc/arm-none-eabi/12.3.1/thumb/v7-m/nofp\libc.a(libc_a-vfiprintf.o)
 .text._vfiprintf_r
                0x00007ecc      0xf9c c:/nxp/mcuxpressoide_11.9.1_2170/ide/plugins/com.nxp.mcuxpresso.tools.win32_11.9.1.202402080819/tools/bin/../lib/gcc/arm-none-eabi/12.3.1/thumb/v7-m/nofp\libc.a(libc_a-vfiprintf.o)
                0x00007ecc                _vfiprintf_r
 .text.__sbprintf
                0x00008e68       0x80 c:/nxp/mcuxpressoide_11.9.1_2170/ide/plugins/com.nxp.mcuxpresso.tools.win32_11.9.1.202402080819/tools/bin/../lib/gcc/arm-none-eabi/12.3.1/thumb/v7-m/nofp\libc.a(libc_a-vfiprintf.o)
 .text.__sfvwrite_r
                0x00008ee8      0x2ec c:/nxp/mcuxpressoide_11.9.1_2170/ide/plugins/com.nxp.mcuxpresso.tools.win32_11.9.1.202402080819/tools/bin/../lib/gcc/arm-none-eabi/12.3.1/thumb/v7-m/nofp\libc.a(libc_a-fvwrite.o)
                0x00008ee8                __sfvwrite_r
 .text.__swsetup_r
                0x000091d4       0xc0 c:/nxp/mcuxpressoide_11.9.1_2170/ide/plugins/com.nxp.mcuxpresso.tools.win32_11.9.1.202402080819/tools/bin/../lib/gcc/arm-none-eabi/12.3.1/thumb/v7-m/nofp\libc.a(libc_a-wsetup.o)
                0x000091d4                __swsetup_r
 .text.__fputwc
                0x00009294       0x7c c:/nxp/mcuxpressoide_11.9.1_2170/ide/plugins/com.nxp.mcuxpresso.tools.win32_11.9.1.202402080819/tools/bin/../lib/gcc/arm-none-eabi/12.3.1/thumb/v7-m/nofp\libc.a(libc_a-fputwc.o)
                0x00009294                __fputwc
 .text._fputwc_r
                0x00009310       0x60 c:/nxp/mcuxpressoide_11.9.1_2170/ide/plugins/com.nxp.mcuxpresso.tools.win32_11.9.1.202402080819/tools/bin/../lib/gcc/arm-none-eabi/12.3.1/thumb/v7-m/nofp\libc.a(libc_a-fputwc.o)
                0x00009310                _fputwc_r
 .text.abort    0x00009370       0x10 c:/nxp/mcuxpressoide_11.9.1_2170/ide/plugins/com.nxp.mcuxpresso.tools.win32_11.9.1.202402080819/tools/bin/../lib/gcc/arm-none-eabi/12.3.1/thumb/v7-m/nofp\libc.a(libc_a-abort.o)
                0x00009370                abort
 .text.__smakebuf_r
                0x00009380       0xdc c:/nxp/mcuxpressoide_11.9.1_2170/ide/plugins/com.nxp.mcuxpresso.tools.win32_11.9.1.202402080819/tools/bin/../lib/gcc/arm-none-eabi/12.3.1/thumb/v7-m/nofp\libc.a(libc_a-makebuf.o)
                0x00009380                __smakebuf_r
 .text.__swbuf_r
                0x0000945c       0xac c:/nxp/mcuxpressoide_11.9.1_2170/ide/plugins/com.nxp.mcuxpresso.tools.win32_11.9.1.202402080819/tools/bin/../lib/gcc/arm-none-eabi/12.3.1/thumb/v7-m/nofp\libc.a(libc_a-wbuf.o)
                0x0000945c                __swbuf_r
 .text.raise    0x00009508       0x58 c:/nxp/mcuxpressoide_11.9.1_2170/ide/plugins/com.nxp.mcuxpresso.tools.win32_11.9.1.202402080819/tools/bin/../lib/gcc/arm-none-eabi/12.3.1/thumb/v7-m/nofp\libc.a(libc_a-signal.o)
                0x00009508                raise
 .text._fstat_r
                0x00009560       0x28 c:/nxp/mcuxpressoide_11.9.1_2170/ide/plugins/com.nxp.mcuxpresso.tools.win32_11.9.1.202402080819/tools/bin/../lib/gcc/arm-none-eabi/12.3.1/thumb/v7-m/nofp\libc.a(libc_a-fstatr.o)
                0x00009560                _fstat_r
 .text._isatty_r
                0x00009588       0x24 c:/nxp/mcuxpressoide_11.9.1_2170/ide/plugins/com.nxp.mcuxpresso.tools.win32_11.9.1.202402080819/tools/bin/../lib/gcc/arm-none-eabi/12.3.1/thumb/v7-m/nofp\libc.a(libc_a-isattyr.o)
                0x00009588                _isatty_r
 .text._kill_r  0x000095ac       0x28 c:/nxp/mcuxpressoide_11.9.1_2170/ide/plugins/com.nxp.mcuxpresso.tools.win32_11.9.1.202402080819/tools/bin/../lib/gcc/arm-none-eabi/12.3.1/thumb/v7-m/nofp\libc.a(libc_a-signalr.o)
                0x000095ac                _kill_r
 .text._getpid_r
                0x000095d4        0x4 c:/nxp/mcuxpressoide_11.9.1_2170/ide/plugins/com.nxp.mcuxpresso.tools.win32_11.9.1.202402080819/tools/bin/../lib/gcc/arm-none-eabi/12.3.1/thumb/v7-m/nofp\libc.a(libc_a-signalr.o)
                0x000095d4                _getpid_r
 .text._sbrk    0x000095d8       0x3c c:/nxp/mcuxpressoide_11.9.1_2170/ide/plugins/com.nxp.mcuxpresso.tools.win32_11.9.1.202402080819/tools/bin/../lib/gcc/arm-none-eabi/12.3.1/../../../../arm-none-eabi/lib/thumb/v7-m/nofp\libcr_newlib_semihost.a(_cr_sbrk.o)
                0x000095d8                _sbrk
 .text._exit    0x00009614        0x8 c:/nxp/mcuxpressoide_11.9.1_2170/ide/plugins/com.nxp.mcuxpresso.tools.win32_11.9.1.202402080819/tools/bin/../lib/gcc/arm-none-eabi/12.3.1/../../../../arm-none-eabi/lib/thumb/v7-m/nofp\libcr_newlib_semihost.a(_exit.o)
                0x00009614                _exit
 .text._kill    0x0000961c       0x20 c:/nxp/mcuxpressoide_11.9.1_2170/ide/plugins/com.nxp.mcuxpresso.tools.win32_11.9.1.202402080819/tools/bin/../lib/gcc/arm-none-eabi/12.3.1/../../../../arm-none-eabi/lib/thumb/v7-m/nofp\libcr_newlib_semihost.a(_kill.o)
                0x0000961c                _kill
 .text.error    0x0000963c       0x1c c:/nxp/mcuxpressoide_11.9.1_2170/ide/plugins/com.nxp.mcuxpresso.tools.win32_11.9.1.202402080819/tools/bin/../lib/gcc/arm-none-eabi/12.3.1/../../../../arm-none-eabi/lib/thumb/v7-m/nofp\libcr_newlib_semihost.a(syscalls.o)
 .text.initialise_monitor_handles.part.0
                0x00009658       0xa4 c:/nxp/mcuxpressoide_11.9.1_2170/ide/plugins/com.nxp.mcuxpresso.tools.win32_11.9.1.202402080819/tools/bin/../lib/gcc/arm-none-eabi/12.3.1/../../../../arm-none-eabi/lib/thumb/v7-m/nofp\libcr_newlib_semihost.a(syscalls.o)
 .text.findslot
                0x000096fc       0x30 c:/nxp/mcuxpressoide_11.9.1_2170/ide/plugins/com.nxp.mcuxpresso.tools.win32_11.9.1.202402080819/tools/bin/../lib/gcc/arm-none-eabi/12.3.1/../../../../arm-none-eabi/lib/thumb/v7-m/nofp\libcr_newlib_semihost.a(syscalls.o)
 .text.checkerror
                0x0000972c        0xa c:/nxp/mcuxpressoide_11.9.1_2170/ide/plugins/com.nxp.mcuxpresso.tools.win32_11.9.1.202402080819/tools/bin/../lib/gcc/arm-none-eabi/12.3.1/../../../../arm-none-eabi/lib/thumb/v7-m/nofp\libcr_newlib_semihost.a(syscalls.o)
 .text._swiread
                0x00009736       0x20 c:/nxp/mcuxpressoide_11.9.1_2170/ide/plugins/com.nxp.mcuxpresso.tools.win32_11.9.1.202402080819/tools/bin/../lib/gcc/arm-none-eabi/12.3.1/../../../../arm-none-eabi/lib/thumb/v7-m/nofp\libcr_newlib_semihost.a(syscalls.o)
                0x00009736                _swiread
 .text._read    0x00009756       0x34 c:/nxp/mcuxpressoide_11.9.1_2170/ide/plugins/com.nxp.mcuxpresso.tools.win32_11.9.1.202402080819/tools/bin/../lib/gcc/arm-none-eabi/12.3.1/../../../../arm-none-eabi/lib/thumb/v7-m/nofp\libcr_newlib_semihost.a(syscalls.o)
                0x00009756                _read
 .text._swilseek
                0x0000978a       0x78 c:/nxp/mcuxpressoide_11.9.1_2170/ide/plugins/com.nxp.mcuxpresso.tools.win32_11.9.1.202402080819/tools/bin/../lib/gcc/arm-none-eabi/12.3.1/../../../../arm-none-eabi/lib/thumb/v7-m/nofp\libcr_newlib_semihost.a(syscalls.o)
                0x0000978a                _swilseek
 .text._lseek   0x00009802        0x4 c:/nxp/mcuxpressoide_11.9.1_2170/ide/plugins/com.nxp.mcuxpresso.tools.win32_11.9.1.202402080819/tools/bin/../lib/gcc/arm-none-eabi/12.3.1/../../../../arm-none-eabi/lib/thumb/v7-m/nofp\libcr_newlib_semihost.a(syscalls.o)
                0x00009802                _lseek
 .text._swiwrite
                0x00009806       0x20 c:/nxp/mcuxpressoide_11.9.1_2170/ide/plugins/com.nxp.mcuxpresso.tools.win32_11.9.1.202402080819/tools/bin/../lib/gcc/arm-none-eabi/12.3.1/../../../../arm-none-eabi/lib/thumb/v7-m/nofp\libcr_newlib_semihost.a(syscalls.o)
                0x00009806                _swiwrite
 .text._write   0x00009826       0x40 c:/nxp/mcuxpressoide_11.9.1_2170/ide/plugins/com.nxp.mcuxpresso.tools.win32_11.9.1.202402080819/tools/bin/../lib/gcc/arm-none-eabi/12.3.1/../../../../arm-none-eabi/lib/thumb/v7-m/nofp\libcr_newlib_semihost.a(syscalls.o)
                0x00009826                _write
 .text._swiclose
                0x00009866       0x1a c:/nxp/mcuxpressoide_11.9.1_2170/ide/plugins/com.nxp.mcuxpresso.tools.win32_11.9.1.202402080819/tools/bin/../lib/gcc/arm-none-eabi/12.3.1/../../../../arm-none-eabi/lib/thumb/v7-m/nofp\libcr_newlib_semihost.a(syscalls.o)
                0x00009866                _swiclose
 .text._close   0x00009880       0x44 c:/nxp/mcuxpressoide_11.9.1_2170/ide/plugins/com.nxp.mcuxpresso.tools.win32_11.9.1.202402080819/tools/bin/../lib/gcc/arm-none-eabi/12.3.1/../../../../arm-none-eabi/lib/thumb/v7-m/nofp\libcr_newlib_semihost.a(syscalls.o)
                0x00009880                _close
 .text._getpid  0x000098c4        0x4 c:/nxp/mcuxpressoide_11.9.1_2170/ide/plugins/com.nxp.mcuxpresso.tools.win32_11.9.1.202402080819/tools/bin/../lib/gcc/arm-none-eabi/12.3.1/../../../../arm-none-eabi/lib/thumb/v7-m/nofp\libcr_newlib_semihost.a(syscalls.o)
                0x000098c4                _getpid
 .text._swistat
                0x000098c8       0x42 c:/nxp/mcuxpressoide_11.9.1_2170/ide/plugins/com.nxp.mcuxpresso.tools.win32_11.9.1.202402080819/tools/bin/../lib/gcc/arm-none-eabi/12.3.1/../../../../arm-none-eabi/lib/thumb/v7-m/nofp\libcr_newlib_semihost.a(syscalls.o)
                0x000098c8                _swistat
 .text._fstat   0x0000990a       0x1c c:/nxp/mcuxpressoide_11.9.1_2170/ide/plugins/com.nxp.mcuxpresso.tools.win32_11.9.1.202402080819/tools/bin/../lib/gcc/arm-none-eabi/12.3.1/../../../../arm-none-eabi/lib/thumb/v7-m/nofp\libcr_newlib_semihost.a(syscalls.o)
                0x0000990a                _fstat
 .text._isatty  0x00009926       0x2a c:/nxp/mcuxpressoide_11.9.1_2170/ide/plugins/com.nxp.mcuxpresso.tools.win32_11.9.1.202402080819/tools/bin/../lib/gcc/arm-none-eabi/12.3.1/../../../../arm-none-eabi/lib/thumb/v7-m/nofp\libcr_newlib_semihost.a(syscalls.o)
                0x00009926                _isatty
 .text.__check_heap_overflow
                0x00009950       0x18 c:/nxp/mcuxpressoide_11.9.1_2170/ide/plugins/com.nxp.mcuxpresso.tools.win32_11.9.1.202402080819/tools/bin/../lib/gcc/arm-none-eabi/12.3.1/../../../../arm-none-eabi/lib/thumb/v7-m/nofp\libcr_newlib_semihost.a(_cr_check_heap.o)
                0x00009950                __check_heap_overflow
 .text          0x00009968      0x378 c:/nxp/mcuxpressoide_11.9.1_2170/ide/plugins/com.nxp.mcuxpresso.tools.win32_11.9.1.202402080819/tools/bin/../lib/gcc/arm-none-eabi/12.3.1/thumb/v7-m/nofp\libgcc.a(_arm_addsubdf3.o)
                0x00009968                __aeabi_drsub
                0x00009970                __aeabi_dsub
                0x00009970                __subdf3
                0x00009974                __aeabi_dadd
                0x00009974                __adddf3
                0x00009bec                __floatunsidf
                0x00009bec                __aeabi_ui2d
                0x00009c0c                __floatsidf
                0x00009c0c                __aeabi_i2d
                0x00009c30                __aeabi_f2d
                0x00009c30                __extendsfdf2
                0x00009c74                __floatundidf
                0x00009c74                __aeabi_ul2d
                0x00009c84                __floatdidf
                0x00009c84                __aeabi_l2d
 .text          0x00009ce0      0x424 c:/nxp/mcuxpressoide_11.9.1_2170/ide/plugins/com.nxp.mcuxpresso.tools.win32_11.9.1.202402080819/tools/bin/../lib/gcc/arm-none-eabi/12.3.1/thumb/v7-m/nofp\libgcc.a(_arm_muldivdf3.o)
                0x00009ce0                __aeabi_dmul
                0x00009ce0                __muldf3
                0x00009f34                __divdf3
                0x00009f34                __aeabi_ddiv
 .text          0x0000a104      0x110 c:/nxp/mcuxpressoide_11.9.1_2170/ide/plugins/com.nxp.mcuxpresso.tools.win32_11.9.1.202402080819/tools/bin/../lib/gcc/arm-none-eabi/12.3.1/thumb/v7-m/nofp\libgcc.a(_arm_cmpdf2.o)
                0x0000a104                __gtdf2
                0x0000a104                __gedf2
                0x0000a10c                __ltdf2
                0x0000a10c                __ledf2
                0x0000a114                __nedf2
                0x0000a114                __eqdf2
                0x0000a114                __cmpdf2
                0x0000a190                __aeabi_cdrcmple
                0x0000a1a0                __aeabi_cdcmpeq
                0x0000a1a0                __aeabi_cdcmple
                0x0000a1b0                __aeabi_dcmpeq
                0x0000a1c4                __aeabi_dcmplt
                0x0000a1d8                __aeabi_dcmple
                0x0000a1ec                __aeabi_dcmpge
                0x0000a200                __aeabi_dcmpgt
 .text          0x0000a214       0x2c c:/nxp/mcuxpressoide_11.9.1_2170/ide/plugins/com.nxp.mcuxpresso.tools.win32_11.9.1.202402080819/tools/bin/../lib/gcc/arm-none-eabi/12.3.1/thumb/v7-m/nofp\libgcc.a(_arm_unorddf2.o)
                0x0000a214                __unorddf2
                0x0000a214                __aeabi_dcmpun
 .text          0x0000a240       0x50 c:/nxp/mcuxpressoide_11.9.1_2170/ide/plugins/com.nxp.mcuxpresso.tools.win32_11.9.1.202402080819/tools/bin/../lib/gcc/arm-none-eabi/12.3.1/thumb/v7-m/nofp\libgcc.a(_arm_fixdfsi.o)
                0x0000a240                __aeabi_d2iz
                0x0000a240                __fixdfsi
 *(.rodata .rodata.* .constdata .constdata.*)
 .rodata.str1.4
                0x0000a290      0x101 ./src/main.o
 *fill*         0x0000a391        0x3 ff
 .rodata        0x0000a394        0x8 C:\Users\student\Downloads\e08_15_05\Lib_EaBaseBoard\Debug\libLib_EaBaseBoard.a(oled.o)
 .rodata        0x0000a39c      0x300 C:\Users\student\Downloads\e08_15_05\Lib_EaBaseBoard\Debug\libLib_EaBaseBoard.a(font5x7.o)
                0x0000a39c                font5x7
 .rodata.str1.4
                0x0000a69c        0xe C:\Users\student\Downloads\e08_15_05\Lib_MCU\Debug\libLib_MCU.a(lpc17xx_adc.o)
 *fill*         0x0000a6aa        0x2 ff
 .rodata.str1.4
                0x0000a6ac        0xe C:\Users\student\Downloads\e08_15_05\Lib_MCU\Debug\libLib_MCU.a(lpc17xx_i2c.o)
 *fill*         0x0000a6ba        0x2 ff
 .rodata.str1.4
                0x0000a6bc        0xe C:\Users\student\Downloads\e08_15_05\Lib_MCU\Debug\libLib_MCU.a(lpc17xx_ssp.o)
 *fill*         0x0000a6ca        0x2 ff
 .rodata.str1.4
                0x0000a6cc       0x10 C:\Users\student\Downloads\e08_15_05\Lib_MCU\Debug\libLib_MCU.a(lpc17xx_timer.o)
 .rodata._svfprintf_r.str1.4
                0x0000a6dc       0x42 c:/nxp/mcuxpressoide_11.9.1_2170/ide/plugins/com.nxp.mcuxpresso.tools.win32_11.9.1.202402080819/tools/bin/../lib/gcc/arm-none-eabi/12.3.1/thumb/v7-m/nofp\libc.a(libc_a-svfprintf.o)
 *fill*         0x0000a71e        0x2 ff
 .rodata.zeroes.0
                0x0000a720       0x10 c:/nxp/mcuxpressoide_11.9.1_2170/ide/plugins/com.nxp.mcuxpresso.tools.win32_11.9.1.202402080819/tools/bin/../lib/gcc/arm-none-eabi/12.3.1/thumb/v7-m/nofp\libc.a(libc_a-svfprintf.o)
 .rodata.blanks.1
                0x0000a730       0x10 c:/nxp/mcuxpressoide_11.9.1_2170/ide/plugins/com.nxp.mcuxpresso.tools.win32_11.9.1.202402080819/tools/bin/../lib/gcc/arm-none-eabi/12.3.1/thumb/v7-m/nofp\libc.a(libc_a-svfprintf.o)
 .rodata.str1.4
                0x0000a740       0x48 c:/nxp/mcuxpressoide_11.9.1_2170/ide/plugins/com.nxp.mcuxpresso.tools.win32_11.9.1.202402080819/tools/bin/../lib/gcc/arm-none-eabi/12.3.1/thumb/v7-m/nofp\libc.a(libc_a-locale.o)
                                 0x4c (size before relaxing)
 .rodata._dtoa_r.str1.4
                0x0000a788       0x7d c:/nxp/mcuxpressoide_11.9.1_2170/ide/plugins/com.nxp.mcuxpresso.tools.win32_11.9.1.202402080819/tools/bin/../lib/gcc/arm-none-eabi/12.3.1/thumb/v7-m/nofp\libc.a(libc_a-dtoa.o)
                                 0x81 (size before relaxing)
 *fill*         0x0000a805        0x3 ff
 .rodata.__multadd.str1.4
                0x0000a808       0x5a c:/nxp/mcuxpressoide_11.9.1_2170/ide/plugins/com.nxp.mcuxpresso.tools.win32_11.9.1.202402080819/tools/bin/../lib/gcc/arm-none-eabi/12.3.1/thumb/v7-m/nofp\libc.a(libc_a-mprec.o)
                                 0x6e (size before relaxing)
 *fill*         0x0000a862        0x2 ff
 .rodata.p05.0  0x0000a864        0xc c:/nxp/mcuxpressoide_11.9.1_2170/ide/plugins/com.nxp.mcuxpresso.tools.win32_11.9.1.202402080819/tools/bin/../lib/gcc/arm-none-eabi/12.3.1/thumb/v7-m/nofp\libc.a(libc_a-mprec.o)
 .rodata.__mprec_bigtens
                0x0000a870       0x28 c:/nxp/mcuxpressoide_11.9.1_2170/ide/plugins/com.nxp.mcuxpresso.tools.win32_11.9.1.202402080819/tools/bin/../lib/gcc/arm-none-eabi/12.3.1/thumb/v7-m/nofp\libc.a(libc_a-mprec.o)
                0x0000a870                __mprec_bigtens
 .rodata.__mprec_tens
                0x0000a898       0xc8 c:/nxp/mcuxpressoide_11.9.1_2170/ide/plugins/com.nxp.mcuxpresso.tools.win32_11.9.1.202402080819/tools/bin/../lib/gcc/arm-none-eabi/12.3.1/thumb/v7-m/nofp\libc.a(libc_a-mprec.o)
                0x0000a898                __mprec_tens
 .rodata._ctype_
                0x0000a960      0x101 c:/nxp/mcuxpressoide_11.9.1_2170/ide/plugins/com.nxp.mcuxpresso.tools.win32_11.9.1.202402080819/tools/bin/../lib/gcc/arm-none-eabi/12.3.1/thumb/v7-m/nofp\libc.a(libc_a-ctype_.o)
                0x0000a960                _ctype_
 *fill*         0x0000aa61        0x3 ff
 .rodata.__assert_func.str1.4
                0x0000aa64       0x3f c:/nxp/mcuxpressoide_11.9.1_2170/ide/plugins/com.nxp.mcuxpresso.tools.win32_11.9.1.202402080819/tools/bin/../lib/gcc/arm-none-eabi/12.3.1/thumb/v7-m/nofp\libc.a(libc_a-assert.o)
                                 0x43 (size before relaxing)
 .rodata._vfiprintf_r.str1.4
                0x0000aaa3       0x2f c:/nxp/mcuxpressoide_11.9.1_2170/ide/plugins/com.nxp.mcuxpresso.tools.win32_11.9.1.202402080819/tools/bin/../lib/gcc/arm-none-eabi/12.3.1/thumb/v7-m/nofp\libc.a(libc_a-vfiprintf.o)
 *fill*         0x0000aaa3        0x1 ff
 .rodata.zeroes.0
                0x0000aaa4       0x10 c:/nxp/mcuxpressoide_11.9.1_2170/ide/plugins/com.nxp.mcuxpresso.tools.win32_11.9.1.202402080819/tools/bin/../lib/gcc/arm-none-eabi/12.3.1/thumb/v7-m/nofp\libc.a(libc_a-vfiprintf.o)
 .rodata.blanks.1
                0x0000aab4       0x10 c:/nxp/mcuxpressoide_11.9.1_2170/ide/plugins/com.nxp.mcuxpresso.tools.win32_11.9.1.202402080819/tools/bin/../lib/gcc/arm-none-eabi/12.3.1/thumb/v7-m/nofp\libc.a(libc_a-vfiprintf.o)
 .rodata.initialise_monitor_handles.part.0.str1.1
                0x0000aac4        0x4 c:/nxp/mcuxpressoide_11.9.1_2170/ide/plugins/com.nxp.mcuxpresso.tools.win32_11.9.1.202402080819/tools/bin/../lib/gcc/arm-none-eabi/12.3.1/../../../../arm-none-eabi/lib/thumb/v7-m/nofp\libcr_newlib_semihost.a(syscalls.o)
                0x0000aac8                        . = ALIGN (0x4)

.glue_7         0x0000aac8        0x0
 .glue_7        0x0000aac8        0x0 linker stubs

.glue_7t        0x0000aac8        0x0
 .glue_7t       0x0000aac8        0x0 linker stubs

.vfp11_veneer   0x0000aac8        0x0
 .vfp11_veneer  0x0000aac8        0x0 linker stubs

.v4_bx          0x0000aac8        0x0
 .v4_bx         0x0000aac8        0x0 linker stubs

.iplt           0x0000aac8        0x0
 .iplt          0x0000aac8        0x0 ./src/cr_startup_lpc17.o

.ARM.extab
 *(.ARM.extab* .gnu.linkonce.armextab.*)

.ARM.exidx      0x0000aac8        0x8
                0x0000aac8                        __exidx_start = .
 *(.ARM.exidx* .gnu.linkonce.armexidx.*)
 .ARM.exidx.text.__udivmoddi4
                0x0000aac8        0x8 c:/nxp/mcuxpressoide_11.9.1_2170/ide/plugins/com.nxp.mcuxpresso.tools.win32_11.9.1.202402080819/tools/bin/../lib/gcc/arm-none-eabi/12.3.1/thumb/v7-m/nofp\libgcc.a(_udivmoddi4.o)
 .ARM.exidx     0x0000aad0        0x0 c:/nxp/mcuxpressoide_11.9.1_2170/ide/plugins/com.nxp.mcuxpresso.tools.win32_11.9.1.202402080819/tools/bin/../lib/gcc/arm-none-eabi/12.3.1/thumb/v7-m/nofp\libc.a(libc_a-memcpy.o)
                                  0x8 (size before relaxing)
                0x0000aad0                        __exidx_end = .
                0x0000aad0                        _etext = .

.rel.dyn        0x0000aad0        0x0
 .rel.iplt      0x0000aad0        0x0 ./src/cr_startup_lpc17.o

.data_RAM2      0x2007c000        0x0 load address 0x0000aad0
 FILL mask 0xff
                [!provide]                        PROVIDE (__start_data_RAM2 = .)
                [!provide]                        PROVIDE (__start_data_RamAHB32 = .)
 *(.ramfunc.$RAM2)
 *(.ramfunc.$RamAHB32)
 *(.data.$RAM2)
 *(.data.$RamAHB32)
 *(.data.$RAM2.*)
 *(.data.$RamAHB32.*)
                0x2007c000                        . = ALIGN (0x4)
                [!provide]                        PROVIDE (__end_data_RAM2 = .)
                [!provide]                        PROVIDE (__end_data_RamAHB32 = .)

.uninit_RESERVED
                0x10000000        0x0
                0x10000000                        _start_uninit_RESERVED = .
 *(.bss.$RESERVED*)
                0x10000000                        . = ALIGN (0x4)
                0x10000000                        _end_uninit_RESERVED = .

.data           0x10000000      0x700 load address 0x0000aad0
 FILL mask 0xff
                0x10000000                        _data = .
                [!provide]                        PROVIDE (__start_data_RAM = .)
                [!provide]                        PROVIDE (__start_data_RamLoc32 = .)
 *(vtable)
 *(.ramfunc*)
 *(CodeQuickAccess)
 *(DataQuickAccess)
 *(RamFunction)
 *(.data*)
 .data          0x10000000       0x44 ./src/main.o
 .data          0x10000044        0x4 C:\Users\student\Downloads\e08_15_05\Lib_CMSISv1p30_LPC17xx\Debug\libCMSISv1p30_LPC17xx.a(system_LPC17xx.o)
                0x10000044                SystemCoreClock
 .data          0x10000048        0x8 C:\Users\student\Downloads\e08_15_05\Lib_EaBaseBoard\Debug\libLib_EaBaseBoard.a(light.o)
 .data._impure_ptr
                0x10000050        0x4 c:/nxp/mcuxpressoide_11.9.1_2170/ide/plugins/com.nxp.mcuxpresso.tools.win32_11.9.1.202402080819/tools/bin/../lib/gcc/arm-none-eabi/12.3.1/thumb/v7-m/nofp\libc.a(libc_a-impure.o)
                0x10000050                _impure_ptr
 *fill*         0x10000054        0x4 ff
 .data._impure_data
                0x10000058      0x120 c:/nxp/mcuxpressoide_11.9.1_2170/ide/plugins/com.nxp.mcuxpresso.tools.win32_11.9.1.202402080819/tools/bin/../lib/gcc/arm-none-eabi/12.3.1/thumb/v7-m/nofp\libc.a(libc_a-impure.o)
                0x10000058                _impure_data
 .data.__sglue  0x10000178        0xc c:/nxp/mcuxpressoide_11.9.1_2170/ide/plugins/com.nxp.mcuxpresso.tools.win32_11.9.1.202402080819/tools/bin/../lib/gcc/arm-none-eabi/12.3.1/thumb/v7-m/nofp\libc.a(libc_a-findfp.o)
                0x10000178                __sglue
 .data.__global_locale
                0x10000184      0x16c c:/nxp/mcuxpressoide_11.9.1_2170/ide/plugins/com.nxp.mcuxpresso.tools.win32_11.9.1.202402080819/tools/bin/../lib/gcc/arm-none-eabi/12.3.1/thumb/v7-m/nofp\libc.a(libc_a-locale.o)
                0x10000184                __global_locale
 .data.__malloc_sbrk_base
                0x100002f0        0x4 c:/nxp/mcuxpressoide_11.9.1_2170/ide/plugins/com.nxp.mcuxpresso.tools.win32_11.9.1.202402080819/tools/bin/../lib/gcc/arm-none-eabi/12.3.1/thumb/v7-m/nofp\libc.a(libc_a-mallocr.o)
                0x100002f0                __malloc_sbrk_base
 .data.__malloc_trim_threshold
                0x100002f4        0x4 c:/nxp/mcuxpressoide_11.9.1_2170/ide/plugins/com.nxp.mcuxpresso.tools.win32_11.9.1.202402080819/tools/bin/../lib/gcc/arm-none-eabi/12.3.1/thumb/v7-m/nofp\libc.a(libc_a-mallocr.o)
                0x100002f4                __malloc_trim_threshold
 .data.__malloc_av_
                0x100002f8      0x408 c:/nxp/mcuxpressoide_11.9.1_2170/ide/plugins/com.nxp.mcuxpresso.tools.win32_11.9.1.202402080819/tools/bin/../lib/gcc/arm-none-eabi/12.3.1/thumb/v7-m/nofp\libc.a(libc_a-mallocr.o)
                0x100002f8                __malloc_av_
                0x10000700                        . = ALIGN (0x4)
                0x10000700                        _edata = .
                [!provide]                        PROVIDE (__end_data_RAM = .)
                [!provide]                        PROVIDE (__end_data_RamLoc32 = .)

.igot.plt       0x10000700        0x0 load address 0x0000b1d0
 .igot.plt      0x10000700        0x0 ./src/cr_startup_lpc17.o

.bss_RAM2       0x2007c000        0x0
                [!provide]                        PROVIDE (__start_bss_RAM2 = .)
                [!provide]                        PROVIDE (__start_bss_RamAHB32 = .)
 *(.bss.$RAM2)
 *(.bss.$RamAHB32)
 *(.bss.$RAM2.*)
 *(.bss.$RamAHB32.*)
                0x2007c000                        . = ALIGN ((. != 0x0)?0x4:0x1)
                [!provide]                        PROVIDE (__end_bss_RAM2 = .)
                [!provide]                        PROVIDE (__end_bss_RamAHB32 = .)

.bss            0x10000700      0x500
                0x10000700                        _bss = .
                [!provide]                        PROVIDE (__start_bss_RAM = .)
                [!provide]                        PROVIDE (__start_bss_RamLoc32 = .)
 *(.bss*)
 .bss           0x10000700        0xe ./src/main.o
 *fill*         0x1000070e        0x2 
 .bss           0x10000710      0x300 C:\Users\student\Downloads\e08_15_05\Lib_EaBaseBoard\Debug\libLib_EaBaseBoard.a(oled.o)
 .bss           0x10000a10        0x4 C:\Users\student\Downloads\e08_15_05\Lib_EaBaseBoard\Debug\libLib_EaBaseBoard.a(temp.o)
 .bss           0x10000a14       0x34 C:\Users\student\Downloads\e08_15_05\Lib_MCU\Debug\libLib_MCU.a(lpc17xx_i2c.o)
 .bss.__sf      0x10000a48      0x138 c:/nxp/mcuxpressoide_11.9.1_2170/ide/plugins/com.nxp.mcuxpresso.tools.win32_11.9.1.202402080819/tools/bin/../lib/gcc/arm-none-eabi/12.3.1/thumb/v7-m/nofp\libc.a(libc_a-findfp.o)
                0x10000a48                __sf
 .bss.__stdio_exit_handler
                0x10000b80        0x4 c:/nxp/mcuxpressoide_11.9.1_2170/ide/plugins/com.nxp.mcuxpresso.tools.win32_11.9.1.202402080819/tools/bin/../lib/gcc/arm-none-eabi/12.3.1/thumb/v7-m/nofp\libc.a(libc_a-findfp.o)
                0x10000b80                __stdio_exit_handler
 .bss.errno     0x10000b84        0x4 c:/nxp/mcuxpressoide_11.9.1_2170/ide/plugins/com.nxp.mcuxpresso.tools.win32_11.9.1.202402080819/tools/bin/../lib/gcc/arm-none-eabi/12.3.1/thumb/v7-m/nofp\libc.a(libc_a-reent.o)
                0x10000b84                errno
 .bss.__lock___malloc_recursive_mutex
                0x10000b88        0x1 c:/nxp/mcuxpressoide_11.9.1_2170/ide/plugins/com.nxp.mcuxpresso.tools.win32_11.9.1.202402080819/tools/bin/../lib/gcc/arm-none-eabi/12.3.1/thumb/v7-m/nofp\libc.a(libc_a-lock.o)
                0x10000b88                __lock___malloc_recursive_mutex
 *fill*         0x10000b89        0x3 
 .bss.__lock___sfp_recursive_mutex
                0x10000b8c        0x1 c:/nxp/mcuxpressoide_11.9.1_2170/ide/plugins/com.nxp.mcuxpresso.tools.win32_11.9.1.202402080819/tools/bin/../lib/gcc/arm-none-eabi/12.3.1/thumb/v7-m/nofp\libc.a(libc_a-lock.o)
                0x10000b8c                __lock___sfp_recursive_mutex
 *fill*         0x10000b8d        0x3 
 .bss.__malloc_current_mallinfo
                0x10000b90       0x28 c:/nxp/mcuxpressoide_11.9.1_2170/ide/plugins/com.nxp.mcuxpresso.tools.win32_11.9.1.202402080819/tools/bin/../lib/gcc/arm-none-eabi/12.3.1/thumb/v7-m/nofp\libc.a(libc_a-mallocr.o)
                0x10000b90                __malloc_current_mallinfo
 .bss.__malloc_max_total_mem
                0x10000bb8        0x4 c:/nxp/mcuxpressoide_11.9.1_2170/ide/plugins/com.nxp.mcuxpresso.tools.win32_11.9.1.202402080819/tools/bin/../lib/gcc/arm-none-eabi/12.3.1/thumb/v7-m/nofp\libc.a(libc_a-mallocr.o)
                0x10000bb8                __malloc_max_total_mem
 .bss.__malloc_max_sbrked_mem
                0x10000bbc        0x4 c:/nxp/mcuxpressoide_11.9.1_2170/ide/plugins/com.nxp.mcuxpresso.tools.win32_11.9.1.202402080819/tools/bin/../lib/gcc/arm-none-eabi/12.3.1/thumb/v7-m/nofp\libc.a(libc_a-mallocr.o)
                0x10000bbc                __malloc_max_sbrked_mem
 .bss.__malloc_top_pad
                0x10000bc0        0x4 c:/nxp/mcuxpressoide_11.9.1_2170/ide/plugins/com.nxp.mcuxpresso.tools.win32_11.9.1.202402080819/tools/bin/../lib/gcc/arm-none-eabi/12.3.1/thumb/v7-m/nofp\libc.a(libc_a-mallocr.o)
                0x10000bc0                __malloc_top_pad
 .bss.__end_of_heap
                0x10000bc4        0x4 c:/nxp/mcuxpressoide_11.9.1_2170/ide/plugins/com.nxp.mcuxpresso.tools.win32_11.9.1.202402080819/tools/bin/../lib/gcc/arm-none-eabi/12.3.1/../../../../arm-none-eabi/lib/thumb/v7-m/nofp\libcr_newlib_semihost.a(_cr_sbrk.o)
                0x10000bc4                __end_of_heap
 .bss.initialized.0
                0x10000bc8        0x4 c:/nxp/mcuxpressoide_11.9.1_2170/ide/plugins/com.nxp.mcuxpresso.tools.win32_11.9.1.202402080819/tools/bin/../lib/gcc/arm-none-eabi/12.3.1/../../../../arm-none-eabi/lib/thumb/v7-m/nofp\libcr_newlib_semihost.a(syscalls.o)
 .bss.monitor_stderr
                0x10000bcc        0x4 c:/nxp/mcuxpressoide_11.9.1_2170/ide/plugins/com.nxp.mcuxpresso.tools.win32_11.9.1.202402080819/tools/bin/../lib/gcc/arm-none-eabi/12.3.1/../../../../arm-none-eabi/lib/thumb/v7-m/nofp\libcr_newlib_semihost.a(syscalls.o)
 .bss.monitor_stdout
                0x10000bd0        0x4 c:/nxp/mcuxpressoide_11.9.1_2170/ide/plugins/com.nxp.mcuxpresso.tools.win32_11.9.1.202402080819/tools/bin/../lib/gcc/arm-none-eabi/12.3.1/../../../../arm-none-eabi/lib/thumb/v7-m/nofp\libcr_newlib_semihost.a(syscalls.o)
 .bss.monitor_stdin
                0x10000bd4        0x4 c:/nxp/mcuxpressoide_11.9.1_2170/ide/plugins/com.nxp.mcuxpresso.tools.win32_11.9.1.202402080819/tools/bin/../lib/gcc/arm-none-eabi/12.3.1/../../../../arm-none-eabi/lib/thumb/v7-m/nofp\libcr_newlib_semihost.a(syscalls.o)
 .bss.openfiles
                0x10000bd8       0x28 c:/nxp/mcuxpressoide_11.9.1_2170/ide/plugins/com.nxp.mcuxpresso.tools.win32_11.9.1.202402080819/tools/bin/../lib/gcc/arm-none-eabi/12.3.1/../../../../arm-none-eabi/lib/thumb/v7-m/nofp\libcr_newlib_semihost.a(syscalls.o)
 *(COMMON)
                0x10000c00                        . = ALIGN (0x4)
                0x10000c00                        _ebss = .
                [!provide]                        PROVIDE (__end_bss_RAM = .)
                [!provide]                        PROVIDE (__end_bss_RamLoc32 = .)
                [!provide]                        PROVIDE (end = .)

.noinit_RAM2    0x2007c000        0x0
                [!provide]                        PROVIDE (__start_noinit_RAM2 = .)
                [!provide]                        PROVIDE (__start_noinit_RamAHB32 = .)
 *(.noinit.$RAM2)
 *(.noinit.$RamAHB32)
 *(.noinit.$RAM2.*)
 *(.noinit.$RamAHB32.*)
                0x2007c000                        . = ALIGN (0x4)
                [!provide]                        PROVIDE (__end_noinit_RAM2 = .)
                [!provide]                        PROVIDE (__end_noinit_RamAHB32 = .)

.noinit         0x10000c00        0x0
                0x10000c00                        _noinit = .
                [!provide]                        PROVIDE (__start_noinit_RAM = .)
                [!provide]                        PROVIDE (__start_noinit_RamLoc32 = .)
 *(.noinit*)
                0x10000c00                        . = ALIGN (0x4)
                0x10000c00                        _end_noinit = .
                [!provide]                        PROVIDE (__end_noinit_RAM = .)
                [!provide]                        PROVIDE (__end_noinit_RamLoc32 = .)
                0x10000c00                        PROVIDE (_pvHeapStart = DEFINED (__user_heap_base)?__user_heap_base:.)
                0x10008000                        PROVIDE (_vStackTop = DEFINED (__user_stack_top)?__user_stack_top:(__top_RamLoc32 - 0x0))
                [!provide]                        PROVIDE (__valid_user_code_checksum = (0x0 - ((((((_vStackTop + (ResetISR + 0x1)) + (NMI_Handler + 0x1)) + (HardFault_Handler + 0x1)) + (DEFINED (MemManage_Handler)?MemManage_Handler:0x0 + 0x1)) + (DEFINED (BusFault_Handler)?BusFault_Handler:0x0 + 0x1)) + (DEFINED (UsageFault_Handler)?UsageFault_Handler:0x0 + 0x1))))
                0x00000000                        _image_start = LOADADDR (.text)
                0x0000b1d0                        _image_end = (LOADADDR (.data) + SIZEOF (.data))
                0x0000b1d0                        _image_size = (_image_end - _image_start)
OUTPUT(oled_periph.axf elf32-littlearm)
LOAD linker stubs

.debug_info     0x00000000     0x86e2
 .debug_info    0x00000000      0x1f7 ./src/cr_startup_lpc17.o
 .debug_info    0x000001f7     0x1077 ./src/main.o
 .debug_info    0x0000126e      0x61c ./src/pwm.o
 .debug_info    0x0000188a      0x2fb C:\Users\student\Downloads\e08_15_05\Lib_CMSISv1p30_LPC17xx\Debug\libCMSISv1p30_LPC17xx.a(system_LPC17xx.o)
 .debug_info    0x00001b85      0x78c C:\Users\student\Downloads\e08_15_05\Lib_EaBaseBoard\Debug\libLib_EaBaseBoard.a(light.o)
 .debug_info    0x00002311      0xa37 C:\Users\student\Downloads\e08_15_05\Lib_EaBaseBoard\Debug\libLib_EaBaseBoard.a(oled.o)
 .debug_info    0x00002d48      0x15f C:\Users\student\Downloads\e08_15_05\Lib_EaBaseBoard\Debug\libLib_EaBaseBoard.a(temp.o)
 .debug_info    0x00002ea7       0x62 C:\Users\student\Downloads\e08_15_05\Lib_EaBaseBoard\Debug\libLib_EaBaseBoard.a(font5x7.o)
 .debug_info    0x00002f09      0x65c C:\Users\student\Downloads\e08_15_05\Lib_MCU\Debug\libLib_MCU.a(lpc17xx_adc.o)
 .debug_info    0x00003565      0x5e0 C:\Users\student\Downloads\e08_15_05\Lib_MCU\Debug\libLib_MCU.a(lpc17xx_clkpwr.o)
 .debug_info    0x00003b45      0xdc4 C:\Users\student\Downloads\e08_15_05\Lib_MCU\Debug\libLib_MCU.a(lpc17xx_gpio.o)
 .debug_info    0x00004909      0xdd9 C:\Users\student\Downloads\e08_15_05\Lib_MCU\Debug\libLib_MCU.a(lpc17xx_i2c.o)
 .debug_info    0x000056e2      0x477 C:\Users\student\Downloads\e08_15_05\Lib_MCU\Debug\libLib_MCU.a(lpc17xx_pinsel.o)
 .debug_info    0x00005b59      0x7a5 C:\Users\student\Downloads\e08_15_05\Lib_MCU\Debug\libLib_MCU.a(lpc17xx_ssp.o)
 .debug_info    0x000062fe      0x985 C:\Users\student\Downloads\e08_15_05\Lib_MCU\Debug\libLib_MCU.a(lpc17xx_timer.o)
 .debug_info    0x00006c83      0x13e c:/nxp/mcuxpressoide_11.9.1_2170/ide/plugins/com.nxp.mcuxpresso.tools.win32_11.9.1.202402080819/tools/bin/../lib/gcc/arm-none-eabi/12.3.1/../../../../arm-none-eabi/lib/thumb/v7-m/nofp\libcr_newlib_semihost.a(_cr_sbrk.o)
 .debug_info    0x00006dc1       0x86 c:/nxp/mcuxpressoide_11.9.1_2170/ide/plugins/com.nxp.mcuxpresso.tools.win32_11.9.1.202402080819/tools/bin/../lib/gcc/arm-none-eabi/12.3.1/../../../../arm-none-eabi/lib/thumb/v7-m/nofp\libcr_newlib_semihost.a(_exit.o)
 .debug_info    0x00006e47      0x162 c:/nxp/mcuxpressoide_11.9.1_2170/ide/plugins/com.nxp.mcuxpresso.tools.win32_11.9.1.202402080819/tools/bin/../lib/gcc/arm-none-eabi/12.3.1/../../../../arm-none-eabi/lib/thumb/v7-m/nofp\libcr_newlib_semihost.a(_kill.o)
 .debug_info    0x00006fa9     0x16c8 c:/nxp/mcuxpressoide_11.9.1_2170/ide/plugins/com.nxp.mcuxpresso.tools.win32_11.9.1.202402080819/tools/bin/../lib/gcc/arm-none-eabi/12.3.1/../../../../arm-none-eabi/lib/thumb/v7-m/nofp\libcr_newlib_semihost.a(syscalls.o)
 .debug_info    0x00008671       0x71 c:/nxp/mcuxpressoide_11.9.1_2170/ide/plugins/com.nxp.mcuxpresso.tools.win32_11.9.1.202402080819/tools/bin/../lib/gcc/arm-none-eabi/12.3.1/../../../../arm-none-eabi/lib/thumb/v7-m/nofp\libcr_newlib_semihost.a(_cr_check_heap.o)

.debug_abbrev   0x00000000     0x2268
 .debug_abbrev  0x00000000       0xec ./src/cr_startup_lpc17.o
 .debug_abbrev  0x000000ec      0x37c ./src/main.o
 .debug_abbrev  0x00000468      0x145 ./src/pwm.o
 .debug_abbrev  0x000005ad       0xf4 C:\Users\student\Downloads\e08_15_05\Lib_CMSISv1p30_LPC17xx\Debug\libCMSISv1p30_LPC17xx.a(system_LPC17xx.o)
 .debug_abbrev  0x000006a1      0x223 C:\Users\student\Downloads\e08_15_05\Lib_EaBaseBoard\Debug\libLib_EaBaseBoard.a(light.o)
 .debug_abbrev  0x000008c4      0x26c C:\Users\student\Downloads\e08_15_05\Lib_EaBaseBoard\Debug\libLib_EaBaseBoard.a(oled.o)
 .debug_abbrev  0x00000b30       0xec C:\Users\student\Downloads\e08_15_05\Lib_EaBaseBoard\Debug\libLib_EaBaseBoard.a(temp.o)
 .debug_abbrev  0x00000c1c       0x4a C:\Users\student\Downloads\e08_15_05\Lib_EaBaseBoard\Debug\libLib_EaBaseBoard.a(font5x7.o)
 .debug_abbrev  0x00000c66      0x1d4 C:\Users\student\Downloads\e08_15_05\Lib_MCU\Debug\libLib_MCU.a(lpc17xx_adc.o)
 .debug_abbrev  0x00000e3a      0x1d5 C:\Users\student\Downloads\e08_15_05\Lib_MCU\Debug\libLib_MCU.a(lpc17xx_clkpwr.o)
 .debug_abbrev  0x0000100f      0x239 C:\Users\student\Downloads\e08_15_05\Lib_MCU\Debug\libLib_MCU.a(lpc17xx_gpio.o)
 .debug_abbrev  0x00001248      0x2fb C:\Users\student\Downloads\e08_15_05\Lib_MCU\Debug\libLib_MCU.a(lpc17xx_i2c.o)
 .debug_abbrev  0x00001543      0x164 C:\Users\student\Downloads\e08_15_05\Lib_MCU\Debug\libLib_MCU.a(lpc17xx_pinsel.o)
 .debug_abbrev  0x000016a7      0x228 C:\Users\student\Downloads\e08_15_05\Lib_MCU\Debug\libLib_MCU.a(lpc17xx_ssp.o)
 .debug_abbrev  0x000018cf      0x273 C:\Users\student\Downloads\e08_15_05\Lib_MCU\Debug\libLib_MCU.a(lpc17xx_timer.o)
 .debug_abbrev  0x00001b42      0x10a c:/nxp/mcuxpressoide_11.9.1_2170/ide/plugins/com.nxp.mcuxpresso.tools.win32_11.9.1.202402080819/tools/bin/../lib/gcc/arm-none-eabi/12.3.1/../../../../arm-none-eabi/lib/thumb/v7-m/nofp\libcr_newlib_semihost.a(_cr_sbrk.o)
 .debug_abbrev  0x00001c4c       0x85 c:/nxp/mcuxpressoide_11.9.1_2170/ide/plugins/com.nxp.mcuxpresso.tools.win32_11.9.1.202402080819/tools/bin/../lib/gcc/arm-none-eabi/12.3.1/../../../../arm-none-eabi/lib/thumb/v7-m/nofp\libcr_newlib_semihost.a(_exit.o)
 .debug_abbrev  0x00001cd1      0x107 c:/nxp/mcuxpressoide_11.9.1_2170/ide/plugins/com.nxp.mcuxpresso.tools.win32_11.9.1.202402080819/tools/bin/../lib/gcc/arm-none-eabi/12.3.1/../../../../arm-none-eabi/lib/thumb/v7-m/nofp\libcr_newlib_semihost.a(_kill.o)
 .debug_abbrev  0x00001dd8      0x425 c:/nxp/mcuxpressoide_11.9.1_2170/ide/plugins/com.nxp.mcuxpresso.tools.win32_11.9.1.202402080819/tools/bin/../lib/gcc/arm-none-eabi/12.3.1/../../../../arm-none-eabi/lib/thumb/v7-m/nofp\libcr_newlib_semihost.a(syscalls.o)
 .debug_abbrev  0x000021fd       0x6b c:/nxp/mcuxpressoide_11.9.1_2170/ide/plugins/com.nxp.mcuxpresso.tools.win32_11.9.1.202402080819/tools/bin/../lib/gcc/arm-none-eabi/12.3.1/../../../../arm-none-eabi/lib/thumb/v7-m/nofp\libcr_newlib_semihost.a(_cr_check_heap.o)

.debug_aranges  0x00000000      0x860
 .debug_aranges
                0x00000000       0x70 ./src/cr_startup_lpc17.o
 .debug_aranges
                0x00000070       0x90 ./src/main.o
 .debug_aranges
                0x00000100       0x28 ./src/pwm.o
 .debug_aranges
                0x00000128       0x28 C:\Users\student\Downloads\e08_15_05\Lib_CMSISv1p30_LPC17xx\Debug\libCMSISv1p30_LPC17xx.a(system_LPC17xx.o)
 .debug_aranges
                0x00000150       0x98 C:\Users\student\Downloads\e08_15_05\Lib_EaBaseBoard\Debug\libLib_EaBaseBoard.a(light.o)
 .debug_aranges
                0x000001e8       0x90 C:\Users\student\Downloads\e08_15_05\Lib_EaBaseBoard\Debug\libLib_EaBaseBoard.a(oled.o)
 .debug_aranges
                0x00000278       0x28 C:\Users\student\Downloads\e08_15_05\Lib_EaBaseBoard\Debug\libLib_EaBaseBoard.a(temp.o)
 .debug_aranges
                0x000002a0       0x18 C:\Users\student\Downloads\e08_15_05\Lib_EaBaseBoard\Debug\libLib_EaBaseBoard.a(font5x7.o)
 .debug_aranges
                0x000002b8       0x80 C:\Users\student\Downloads\e08_15_05\Lib_MCU\Debug\libLib_MCU.a(lpc17xx_adc.o)
 .debug_aranges
                0x00000338       0x60 C:\Users\student\Downloads\e08_15_05\Lib_MCU\Debug\libLib_MCU.a(lpc17xx_clkpwr.o)
 .debug_aranges
                0x00000398       0xf8 C:\Users\student\Downloads\e08_15_05\Lib_MCU\Debug\libLib_MCU.a(lpc17xx_gpio.o)
 .debug_aranges
                0x00000490       0xd0 C:\Users\student\Downloads\e08_15_05\Lib_MCU\Debug\libLib_MCU.a(lpc17xx_i2c.o)
 .debug_aranges
                0x00000560       0x48 C:\Users\student\Downloads\e08_15_05\Lib_MCU\Debug\libLib_MCU.a(lpc17xx_pinsel.o)
 .debug_aranges
                0x000005a8       0xa8 C:\Users\student\Downloads\e08_15_05\Lib_MCU\Debug\libLib_MCU.a(lpc17xx_ssp.o)
 .debug_aranges
                0x00000650       0xa8 C:\Users\student\Downloads\e08_15_05\Lib_MCU\Debug\libLib_MCU.a(lpc17xx_timer.o)
 .debug_aranges
                0x000006f8       0x20 c:/nxp/mcuxpressoide_11.9.1_2170/ide/plugins/com.nxp.mcuxpresso.tools.win32_11.9.1.202402080819/tools/bin/../lib/gcc/arm-none-eabi/12.3.1/../../../../arm-none-eabi/lib/thumb/v7-m/nofp\libcr_newlib_semihost.a(_cr_sbrk.o)
 .debug_aranges
                0x00000718       0x20 c:/nxp/mcuxpressoide_11.9.1_2170/ide/plugins/com.nxp.mcuxpresso.tools.win32_11.9.1.202402080819/tools/bin/../lib/gcc/arm-none-eabi/12.3.1/../../../../arm-none-eabi/lib/thumb/v7-m/nofp\libcr_newlib_semihost.a(_exit.o)
 .debug_aranges
                0x00000738       0x20 c:/nxp/mcuxpressoide_11.9.1_2170/ide/plugins/com.nxp.mcuxpresso.tools.win32_11.9.1.202402080819/tools/bin/../lib/gcc/arm-none-eabi/12.3.1/../../../../arm-none-eabi/lib/thumb/v7-m/nofp\libcr_newlib_semihost.a(_kill.o)
 .debug_aranges
                0x00000758       0xe8 c:/nxp/mcuxpressoide_11.9.1_2170/ide/plugins/com.nxp.mcuxpresso.tools.win32_11.9.1.202402080819/tools/bin/../lib/gcc/arm-none-eabi/12.3.1/../../../../arm-none-eabi/lib/thumb/v7-m/nofp\libcr_newlib_semihost.a(syscalls.o)
 .debug_aranges
                0x00000840       0x20 c:/nxp/mcuxpressoide_11.9.1_2170/ide/plugins/com.nxp.mcuxpresso.tools.win32_11.9.1.202402080819/tools/bin/../lib/gcc/arm-none-eabi/12.3.1/../../../../arm-none-eabi/lib/thumb/v7-m/nofp\libcr_newlib_semihost.a(_cr_check_heap.o)

.debug_ranges   0x00000000      0x8f8
 .debug_ranges  0x00000000       0x60 ./src/cr_startup_lpc17.o
 .debug_ranges  0x00000060       0x80 ./src/main.o
 .debug_ranges  0x000000e0       0x18 ./src/pwm.o
 .debug_ranges  0x000000f8       0x18 C:\Users\student\Downloads\e08_15_05\Lib_CMSISv1p30_LPC17xx\Debug\libCMSISv1p30_LPC17xx.a(system_LPC17xx.o)
 .debug_ranges  0x00000110       0x88 C:\Users\student\Downloads\e08_15_05\Lib_EaBaseBoard\Debug\libLib_EaBaseBoard.a(light.o)
 .debug_ranges  0x00000198       0x80 C:\Users\student\Downloads\e08_15_05\Lib_EaBaseBoard\Debug\libLib_EaBaseBoard.a(oled.o)
 .debug_ranges  0x00000218       0x18 C:\Users\student\Downloads\e08_15_05\Lib_EaBaseBoard\Debug\libLib_EaBaseBoard.a(temp.o)
 .debug_ranges  0x00000230       0x70 C:\Users\student\Downloads\e08_15_05\Lib_MCU\Debug\libLib_MCU.a(lpc17xx_adc.o)
 .debug_ranges  0x000002a0       0x50 C:\Users\student\Downloads\e08_15_05\Lib_MCU\Debug\libLib_MCU.a(lpc17xx_clkpwr.o)
 .debug_ranges  0x000002f0       0xe8 C:\Users\student\Downloads\e08_15_05\Lib_MCU\Debug\libLib_MCU.a(lpc17xx_gpio.o)
 .debug_ranges  0x000003d8       0xc0 C:\Users\student\Downloads\e08_15_05\Lib_MCU\Debug\libLib_MCU.a(lpc17xx_i2c.o)
 .debug_ranges  0x00000498       0x38 C:\Users\student\Downloads\e08_15_05\Lib_MCU\Debug\libLib_MCU.a(lpc17xx_pinsel.o)
 .debug_ranges  0x000004d0       0x98 C:\Users\student\Downloads\e08_15_05\Lib_MCU\Debug\libLib_MCU.a(lpc17xx_ssp.o)
 .debug_ranges  0x00000568       0x98 C:\Users\student\Downloads\e08_15_05\Lib_MCU\Debug\libLib_MCU.a(lpc17xx_timer.o)
 .debug_ranges  0x00000600       0x10 c:/nxp/mcuxpressoide_11.9.1_2170/ide/plugins/com.nxp.mcuxpresso.tools.win32_11.9.1.202402080819/tools/bin/../lib/gcc/arm-none-eabi/12.3.1/../../../../arm-none-eabi/lib/thumb/v7-m/nofp\libcr_newlib_semihost.a(_cr_sbrk.o)
 .debug_ranges  0x00000610       0x10 c:/nxp/mcuxpressoide_11.9.1_2170/ide/plugins/com.nxp.mcuxpresso.tools.win32_11.9.1.202402080819/tools/bin/../lib/gcc/arm-none-eabi/12.3.1/../../../../arm-none-eabi/lib/thumb/v7-m/nofp\libcr_newlib_semihost.a(_exit.o)
 .debug_ranges  0x00000620       0x40 c:/nxp/mcuxpressoide_11.9.1_2170/ide/plugins/com.nxp.mcuxpresso.tools.win32_11.9.1.202402080819/tools/bin/../lib/gcc/arm-none-eabi/12.3.1/../../../../arm-none-eabi/lib/thumb/v7-m/nofp\libcr_newlib_semihost.a(_kill.o)
 .debug_ranges  0x00000660      0x288 c:/nxp/mcuxpressoide_11.9.1_2170/ide/plugins/com.nxp.mcuxpresso.tools.win32_11.9.1.202402080819/tools/bin/../lib/gcc/arm-none-eabi/12.3.1/../../../../arm-none-eabi/lib/thumb/v7-m/nofp\libcr_newlib_semihost.a(syscalls.o)
 .debug_ranges  0x000008e8       0x10 c:/nxp/mcuxpressoide_11.9.1_2170/ide/plugins/com.nxp.mcuxpresso.tools.win32_11.9.1.202402080819/tools/bin/../lib/gcc/arm-none-eabi/12.3.1/../../../../arm-none-eabi/lib/thumb/v7-m/nofp\libcr_newlib_semihost.a(_cr_check_heap.o)

.debug_macro    0x00000000     0x5a2e
 .debug_macro   0x00000000       0x79 ./src/cr_startup_lpc17.o
 .debug_macro   0x00000079      0xab4 ./src/cr_startup_lpc17.o
 .debug_macro   0x00000b2d       0x22 ./src/cr_startup_lpc17.o
 .debug_macro   0x00000b4f       0x8e ./src/cr_startup_lpc17.o
 .debug_macro   0x00000bdd       0x51 ./src/cr_startup_lpc17.o
 .debug_macro   0x00000c2e      0x103 ./src/cr_startup_lpc17.o
 .debug_macro   0x00000d31       0x6a ./src/cr_startup_lpc17.o
 .debug_macro   0x00000d9b      0x1df ./src/cr_startup_lpc17.o
 .debug_macro   0x00000f7a      0x10b ./src/main.o
 .debug_macro   0x00001085       0x1c ./src/main.o
 .debug_macro   0x000010a1       0x22 ./src/main.o
 .debug_macro   0x000010c3      0x7b7 ./src/main.o
 .debug_macro   0x0000187a      0x2c7 ./src/main.o
 .debug_macro   0x00001b41       0x64 ./src/main.o
 .debug_macro   0x00001ba5      0x140 ./src/main.o
 .debug_macro   0x00001ce5      0x192 ./src/main.o
 .debug_macro   0x00001e77       0x46 ./src/main.o
 .debug_macro   0x00001ebd      0x2a6 ./src/main.o
 .debug_macro   0x00002163       0xee ./src/main.o
 .debug_macro   0x00002251       0xed ./src/main.o
 .debug_macro   0x0000233e       0x16 ./src/main.o
 .debug_macro   0x00002354       0x93 ./src/pwm.o
 .debug_macro   0x000023e7      0x113 C:\Users\student\Downloads\e08_15_05\Lib_CMSISv1p30_LPC17xx\Debug\libCMSISv1p30_LPC17xx.a(system_LPC17xx.o)
 .debug_macro   0x000024fa      0xaae C:\Users\student\Downloads\e08_15_05\Lib_CMSISv1p30_LPC17xx\Debug\libCMSISv1p30_LPC17xx.a(system_LPC17xx.o)
 .debug_macro   0x00002fa8       0x10 C:\Users\student\Downloads\e08_15_05\Lib_CMSISv1p30_LPC17xx\Debug\libCMSISv1p30_LPC17xx.a(system_LPC17xx.o)
 .debug_macro   0x00002fb8      0x12e C:\Users\student\Downloads\e08_15_05\Lib_CMSISv1p30_LPC17xx\Debug\libCMSISv1p30_LPC17xx.a(system_LPC17xx.o)
 .debug_macro   0x000030e6      0x5b3 C:\Users\student\Downloads\e08_15_05\Lib_CMSISv1p30_LPC17xx\Debug\libCMSISv1p30_LPC17xx.a(system_LPC17xx.o)
 .debug_macro   0x00003699      0x7d5 C:\Users\student\Downloads\e08_15_05\Lib_CMSISv1p30_LPC17xx\Debug\libCMSISv1p30_LPC17xx.a(system_LPC17xx.o)
 .debug_macro   0x00003e6e      0x126 C:\Users\student\Downloads\e08_15_05\Lib_EaBaseBoard\Debug\libLib_EaBaseBoard.a(light.o)
 .debug_macro   0x00003f94      0x18c C:\Users\student\Downloads\e08_15_05\Lib_EaBaseBoard\Debug\libLib_EaBaseBoard.a(light.o)
 .debug_macro   0x00004120       0xdd C:\Users\student\Downloads\e08_15_05\Lib_EaBaseBoard\Debug\libLib_EaBaseBoard.a(oled.o)
 .debug_macro   0x000041fd       0x5d C:\Users\student\Downloads\e08_15_05\Lib_EaBaseBoard\Debug\libLib_EaBaseBoard.a(oled.o)
 .debug_macro   0x0000425a       0x40 C:\Users\student\Downloads\e08_15_05\Lib_EaBaseBoard\Debug\libLib_EaBaseBoard.a(oled.o)
 .debug_macro   0x0000429a       0xae C:\Users\student\Downloads\e08_15_05\Lib_EaBaseBoard\Debug\libLib_EaBaseBoard.a(temp.o)
 .debug_macro   0x00004348       0x1a C:\Users\student\Downloads\e08_15_05\Lib_EaBaseBoard\Debug\libLib_EaBaseBoard.a(font5x7.o)
 .debug_macro   0x00004362      0x696 C:\Users\student\Downloads\e08_15_05\Lib_EaBaseBoard\Debug\libLib_EaBaseBoard.a(font5x7.o)
 .debug_macro   0x000049f8       0x8c C:\Users\student\Downloads\e08_15_05\Lib_MCU\Debug\libLib_MCU.a(lpc17xx_adc.o)
 .debug_macro   0x00004a84       0xe8 C:\Users\student\Downloads\e08_15_05\Lib_MCU\Debug\libLib_MCU.a(lpc17xx_adc.o)
 .debug_macro   0x00004b6c      0x2fa C:\Users\student\Downloads\e08_15_05\Lib_MCU\Debug\libLib_MCU.a(lpc17xx_adc.o)
 .debug_macro   0x00004e66       0xda C:\Users\student\Downloads\e08_15_05\Lib_MCU\Debug\libLib_MCU.a(lpc17xx_adc.o)
 .debug_macro   0x00004f40       0x7a C:\Users\student\Downloads\e08_15_05\Lib_MCU\Debug\libLib_MCU.a(lpc17xx_clkpwr.o)
 .debug_macro   0x00004fba      0x2f4 C:\Users\student\Downloads\e08_15_05\Lib_MCU\Debug\libLib_MCU.a(lpc17xx_clkpwr.o)
 .debug_macro   0x000052ae       0x83 C:\Users\student\Downloads\e08_15_05\Lib_MCU\Debug\libLib_MCU.a(lpc17xx_gpio.o)
 .debug_macro   0x00005331       0x95 C:\Users\student\Downloads\e08_15_05\Lib_MCU\Debug\libLib_MCU.a(lpc17xx_i2c.o)
 .debug_macro   0x000053c6      0x146 C:\Users\student\Downloads\e08_15_05\Lib_MCU\Debug\libLib_MCU.a(lpc17xx_i2c.o)
 .debug_macro   0x0000550c       0x7a C:\Users\student\Downloads\e08_15_05\Lib_MCU\Debug\libLib_MCU.a(lpc17xx_pinsel.o)
 .debug_macro   0x00005586       0x8c C:\Users\student\Downloads\e08_15_05\Lib_MCU\Debug\libLib_MCU.a(lpc17xx_ssp.o)
 .debug_macro   0x00005612      0x2a0 C:\Users\student\Downloads\e08_15_05\Lib_MCU\Debug\libLib_MCU.a(lpc17xx_ssp.o)
 .debug_macro   0x000058b2       0x95 C:\Users\student\Downloads\e08_15_05\Lib_MCU\Debug\libLib_MCU.a(lpc17xx_timer.o)
 .debug_macro   0x00005947       0xe7 C:\Users\student\Downloads\e08_15_05\Lib_MCU\Debug\libLib_MCU.a(lpc17xx_timer.o)

.debug_line     0x00000000     0x67b6
 .debug_line    0x00000000      0x43e ./src/cr_startup_lpc17.o
 .debug_line    0x0000043e      0x814 ./src/main.o
 .debug_line    0x00000c52      0x3a5 ./src/pwm.o
 .debug_line    0x00000ff7      0x3f8 C:\Users\student\Downloads\e08_15_05\Lib_CMSISv1p30_LPC17xx\Debug\libCMSISv1p30_LPC17xx.a(system_LPC17xx.o)
 .debug_line    0x000013ef      0x507 C:\Users\student\Downloads\e08_15_05\Lib_EaBaseBoard\Debug\libLib_EaBaseBoard.a(light.o)
 .debug_line    0x000018f6      0x7f9 C:\Users\student\Downloads\e08_15_05\Lib_EaBaseBoard\Debug\libLib_EaBaseBoard.a(oled.o)
 .debug_line    0x000020ef      0x302 C:\Users\student\Downloads\e08_15_05\Lib_EaBaseBoard\Debug\libLib_EaBaseBoard.a(temp.o)
 .debug_line    0x000023f1       0x7a C:\Users\student\Downloads\e08_15_05\Lib_EaBaseBoard\Debug\libLib_EaBaseBoard.a(font5x7.o)
 .debug_line    0x0000246b      0x549 C:\Users\student\Downloads\e08_15_05\Lib_MCU\Debug\libLib_MCU.a(lpc17xx_adc.o)
 .debug_line    0x000029b4      0x3de C:\Users\student\Downloads\e08_15_05\Lib_MCU\Debug\libLib_MCU.a(lpc17xx_clkpwr.o)
 .debug_line    0x00002d92      0x744 C:\Users\student\Downloads\e08_15_05\Lib_MCU\Debug\libLib_MCU.a(lpc17xx_gpio.o)
 .debug_line    0x000034d6      0xd2b C:\Users\student\Downloads\e08_15_05\Lib_MCU\Debug\libLib_MCU.a(lpc17xx_i2c.o)
 .debug_line    0x00004201      0x36b C:\Users\student\Downloads\e08_15_05\Lib_MCU\Debug\libLib_MCU.a(lpc17xx_pinsel.o)
 .debug_line    0x0000456c      0x8d1 C:\Users\student\Downloads\e08_15_05\Lib_MCU\Debug\libLib_MCU.a(lpc17xx_ssp.o)
 .debug_line    0x00004e3d      0x85d C:\Users\student\Downloads\e08_15_05\Lib_MCU\Debug\libLib_MCU.a(lpc17xx_timer.o)
 .debug_line    0x0000569a      0x1cd c:/nxp/mcuxpressoide_11.9.1_2170/ide/plugins/com.nxp.mcuxpresso.tools.win32_11.9.1.202402080819/tools/bin/../lib/gcc/arm-none-eabi/12.3.1/../../../../arm-none-eabi/lib/thumb/v7-m/nofp\libcr_newlib_semihost.a(_cr_sbrk.o)
 .debug_line    0x00005867       0x43 c:/nxp/mcuxpressoide_11.9.1_2170/ide/plugins/com.nxp.mcuxpresso.tools.win32_11.9.1.202402080819/tools/bin/../lib/gcc/arm-none-eabi/12.3.1/../../../../arm-none-eabi/lib/thumb/v7-m/nofp\libcr_newlib_semihost.a(_exit.o)
 .debug_line    0x000058aa       0x92 c:/nxp/mcuxpressoide_11.9.1_2170/ide/plugins/com.nxp.mcuxpresso.tools.win32_11.9.1.202402080819/tools/bin/../lib/gcc/arm-none-eabi/12.3.1/../../../../arm-none-eabi/lib/thumb/v7-m/nofp\libcr_newlib_semihost.a(_kill.o)
 .debug_line    0x0000593c      0xe19 c:/nxp/mcuxpressoide_11.9.1_2170/ide/plugins/com.nxp.mcuxpresso.tools.win32_11.9.1.202402080819/tools/bin/../lib/gcc/arm-none-eabi/12.3.1/../../../../arm-none-eabi/lib/thumb/v7-m/nofp\libcr_newlib_semihost.a(syscalls.o)
 .debug_line    0x00006755       0x61 c:/nxp/mcuxpressoide_11.9.1_2170/ide/plugins/com.nxp.mcuxpresso.tools.win32_11.9.1.202402080819/tools/bin/../lib/gcc/arm-none-eabi/12.3.1/../../../../arm-none-eabi/lib/thumb/v7-m/nofp\libcr_newlib_semihost.a(_cr_check_heap.o)

.debug_str      0x00000000    0x111d4
 .debug_str     0x00000000     0x3cdf ./src/cr_startup_lpc17.o
                               0x3e40 (size before relaxing)
 .debug_str     0x00003cdf     0x79cb ./src/main.o
                               0xb701 (size before relaxing)
 .debug_str     0x0000b6aa      0x238 ./src/pwm.o
                               0x7f3f (size before relaxing)
 .debug_str     0x0000b8e2     0x196d C:\Users\student\Downloads\e08_15_05\Lib_CMSISv1p30_LPC17xx\Debug\libCMSISv1p30_LPC17xx.a(system_LPC17xx.o)
                               0x8856 (size before relaxing)
 .debug_str     0x0000d24f      0x539 C:\Users\student\Downloads\e08_15_05\Lib_EaBaseBoard\Debug\libLib_EaBaseBoard.a(light.o)
                               0x947a (size before relaxing)
 .debug_str     0x0000d788      0x36f C:\Users\student\Downloads\e08_15_05\Lib_EaBaseBoard\Debug\libLib_EaBaseBoard.a(oled.o)
                               0xa529 (size before relaxing)
 .debug_str     0x0000daf7       0xe9 C:\Users\student\Downloads\e08_15_05\Lib_EaBaseBoard\Debug\libLib_EaBaseBoard.a(temp.o)
                               0x8928 (size before relaxing)
 .debug_str     0x0000dbe0      0xe21 C:\Users\student\Downloads\e08_15_05\Lib_EaBaseBoard\Debug\libLib_EaBaseBoard.a(font5x7.o)
                               0x3be7 (size before relaxing)